Archive member included to satisfy reference by file (symbol)

c:/program files (x86)/atmel/studio/7.0/toolchain/avr8/avr8-gnu-toolchain/bin/../lib/gcc/avr/5.4.0/avrxmega3\libgcc.a(_udivmodhi4.o)
                              cryptoauthlib/lib/atcacert/atcacert_client.o (__udivmodhi4)
c:/program files (x86)/atmel/studio/7.0/toolchain/avr8/avr8-gnu-toolchain/bin/../lib/gcc/avr/5.4.0/avrxmega3\libgcc.a(_divmodhi4.o)
                              cryptoauthlib/lib/atcacert/atcacert_date.o (__divmodhi4)
c:/program files (x86)/atmel/studio/7.0/toolchain/avr8/avr8-gnu-toolchain/bin/../lib/gcc/avr/5.4.0/avrxmega3\libgcc.a(_udivmodsi4.o)
                              cryptoauthlib/lib/atcacert/atcacert_date.o (__udivmodsi4)
c:/program files (x86)/atmel/studio/7.0/toolchain/avr8/avr8-gnu-toolchain/bin/../lib/gcc/avr/5.4.0/avrxmega3\libgcc.a(_exit.o)
                              C:/Program Files (x86)/Atmel/Studio/7.0/Packs/Atmel/ATmega_DFP/1.3.300/gcc/dev/atmega4808/avrxmega3/crtatmega4808.o (exit)
c:/program files (x86)/atmel/studio/7.0/toolchain/avr8/avr8-gnu-toolchain/bin/../lib/gcc/avr/5.4.0/avrxmega3\libgcc.a(_tablejump2.o)
                              cryptoauthlib/lib/atcacert/atcacert_def.o (__tablejump2__)
c:/program files (x86)/atmel/studio/7.0/toolchain/avr8/avr8-gnu-toolchain/bin/../lib/gcc/avr/5.4.0/avrxmega3\libgcc.a(_copy_data.o)
                              cryptoauthlib/lib/atca_cfgs.o (__do_copy_data)
c:/program files (x86)/atmel/studio/7.0/toolchain/avr8/avr8-gnu-toolchain/bin/../lib/gcc/avr/5.4.0/avrxmega3\libgcc.a(_clear_bss.o)
                              cert_def_1_signer.o (__do_clear_bss)
c:/program files (x86)/atmel/studio/7.0/toolchain/avr8/avr8-gnu-toolchain/bin/../lib/gcc/avr/5.4.0/avrxmega3\libgcc.a(_bswapsi2.o)
                              cryptoauthlib/lib/atcacert/atcacert_date.o (__bswapsi2)
c:/program files (x86)/atmel/studio/7.0/toolchain/avr8/avr8-gnu-toolchain/bin/../lib/gcc/avr/5.4.0/avrxmega3\libgcc.a(_usmulhisi3.o)
                              cryptoauthlib/lib/atcacert/atcacert_date.o (__usmulhisi3)
c:/program files (x86)/atmel/studio/7.0/toolchain/avr8/avr8-gnu-toolchain/bin/../lib/gcc/avr/5.4.0/avrxmega3\libgcc.a(_muluhisi3.o)
                              cryptoauthlib/lib/atcacert/atcacert_date.o (__muluhisi3)
c:/program files (x86)/atmel/studio/7.0/toolchain/avr8/avr8-gnu-toolchain/bin/../lib/gcc/avr/5.4.0/avrxmega3\libgcc.a(_mulshisi3.o)
                              cryptoauthlib/lib/atcacert/atcacert_date.o (__mulshisi3)
c:/program files (x86)/atmel/studio/7.0/toolchain/avr8/avr8-gnu-toolchain/bin/../lib/gcc/avr/5.4.0/avrxmega3\libgcc.a(_umulhisi3.o)
                              c:/program files (x86)/atmel/studio/7.0/toolchain/avr8/avr8-gnu-toolchain/bin/../lib/gcc/avr/5.4.0/avrxmega3\libgcc.a(_usmulhisi3.o) (__umulhisi3)
c:/program files (x86)/atmel/studio/7.0/toolchain/avr8/avr8-gnu-toolchain/bin/../lib/gcc/avr/5.4.0/../../../../avr/lib/avrxmega3\libc.a(malloc.o)
                              cryptoauthlib/lib/atca_command.o (malloc)
c:/program files (x86)/atmel/studio/7.0/toolchain/avr8/avr8-gnu-toolchain/bin/../lib/gcc/avr/5.4.0/../../../../avr/lib/avrxmega3\libc.a(memcmp.o)
                              cryptoauthlib/lib/atca_command.o (memcmp)
c:/program files (x86)/atmel/studio/7.0/toolchain/avr8/avr8-gnu-toolchain/bin/../lib/gcc/avr/5.4.0/../../../../avr/lib/avrxmega3\libc.a(memcpy.o)
                              convertions.o (memcpy)
c:/program files (x86)/atmel/studio/7.0/toolchain/avr8/avr8-gnu-toolchain/bin/../lib/gcc/avr/5.4.0/../../../../avr/lib/avrxmega3\libc.a(memmove.o)
                              cryptoauthlib/lib/atcacert/atcacert_client.o (memmove)
c:/program files (x86)/atmel/studio/7.0/toolchain/avr8/avr8-gnu-toolchain/bin/../lib/gcc/avr/5.4.0/../../../../avr/lib/avrxmega3\libc.a(memset.o)
                              cryptoauthlib/lib/atcacert/atcacert_client.o (memset)
c:/program files (x86)/atmel/studio/7.0/toolchain/avr8/avr8-gnu-toolchain/bin/../lib/gcc/avr/5.4.0/../../../../avr/lib/avrxmega3\libc.a(strcat.o)
                              winc_certs_functions.o (strcat)
c:/program files (x86)/atmel/studio/7.0/toolchain/avr8/avr8-gnu-toolchain/bin/../lib/gcc/avr/5.4.0/../../../../avr/lib/avrxmega3\libc.a(strchr.o)
                              cryptoauthlib/lib/jwt/atca_jwt.o (strchr)
c:/program files (x86)/atmel/studio/7.0/toolchain/avr8/avr8-gnu-toolchain/bin/../lib/gcc/avr/5.4.0/../../../../avr/lib/avrxmega3\libc.a(strcmp.o)
                              main.o (strcmp)
c:/program files (x86)/atmel/studio/7.0/toolchain/avr8/avr8-gnu-toolchain/bin/../lib/gcc/avr/5.4.0/../../../../avr/lib/avrxmega3\libc.a(strcpy.o)
                              cryptoauthlib/lib/basic/atca_basic.o (strcpy)
c:/program files (x86)/atmel/studio/7.0/toolchain/avr8/avr8-gnu-toolchain/bin/../lib/gcc/avr/5.4.0/../../../../avr/lib/avrxmega3\libc.a(strncmp.o)
                              examples/src/spi_basic_example.o (strncmp)
[...]
Memory Configuration

Name             Origin             Length             Attributes
text             0x00000000         0x00100000         xr
data             0x00802000         0x0000ffa0         rw !x
eeprom           0x00810000         0x00010000         rw !x
fuse             0x00820000         0x00000009         rw !x
lock             0x00830000         0x00000400         rw !x
signature        0x00840000         0x00000400         rw !x
user_signatures  0x00850000         0x00000400         rw !x
*default*        0x00000000         0xffffffff

Linker script and memory map

Address of section .data set to 0x802800
                0x00004000                __RODATA_PM_OFFSET__ = 0x4000
LOAD C:/Program Files (x86)/Atmel/Studio/7.0/Packs/Atmel/ATmega_DFP/1.3.300/gcc/dev/atmega4808/avrxmega3/crtatmega4808.o
LOAD atmel_start.o
LOAD cert_def_1_signer.o
LOAD cert_def_2_device.o
LOAD cert_def_3_device_csr.o
LOAD convertions.o
LOAD cryptoauthlib/lib/atcacert/atcacert_client.o
LOAD cryptoauthlib/lib/atcacert/atcacert_date.o
LOAD cryptoauthlib/lib/atcacert/atcacert_def.o
LOAD cryptoauthlib/lib/atcacert/atcacert_der.o
LOAD cryptoauthlib/lib/atcacert/atcacert_host_hw.o
LOAD cryptoauthlib/lib/atcacert/atcacert_host_sw.o
LOAD cryptoauthlib/lib/atca_cfgs.o
LOAD cryptoauthlib/lib/atca_command.o
LOAD cryptoauthlib/lib/atca_device.o
LOAD cryptoauthlib/lib/atca_execution.o
LOAD cryptoauthlib/lib/atca_iface.o
LOAD cryptoauthlib/lib/basic/atca_basic.o
LOAD cryptoauthlib/lib/basic/atca_basic_aes.o
LOAD cryptoauthlib/lib/basic/atca_basic_checkmac.o
LOAD cryptoauthlib/lib/basic/atca_basic_counter.o
LOAD cryptoauthlib/lib/basic/atca_basic_derivekey.o
LOAD cryptoauthlib/lib/basic/atca_basic_ecdh.o
LOAD cryptoauthlib/lib/basic/atca_basic_gendig.o
LOAD cryptoauthlib/lib/basic/atca_basic_genkey.o
LOAD cryptoauthlib/lib/basic/atca_basic_hmac.o
LOAD cryptoauthlib/lib/basic/atca_basic_info.o
LOAD cryptoauthlib/lib/basic/atca_basic_kdf.o
LOAD cryptoauthlib/lib/basic/atca_basic_lock.o
LOAD cryptoauthlib/lib/basic/atca_basic_mac.o
LOAD cryptoauthlib/lib/basic/atca_basic_nonce.o
LOAD cryptoauthlib/lib/basic/atca_basic_privwrite.o
LOAD cryptoauthlib/lib/basic/atca_basic_random.o
LOAD cryptoauthlib/lib/basic/atca_basic_read.o
LOAD cryptoauthlib/lib/basic/atca_basic_secureboot.o
LOAD cryptoauthlib/lib/basic/atca_basic_selftest.o
LOAD cryptoauthlib/lib/basic/atca_basic_sha.o
LOAD cryptoauthlib/lib/basic/atca_basic_sign.o
LOAD cryptoauthlib/lib/basic/atca_basic_updateextra.o
LOAD cryptoauthlib/lib/basic/atca_basic_verify.o
LOAD cryptoauthlib/lib/basic/atca_basic_write.o
LOAD cryptoauthlib/lib/basic/atca_helpers.o
LOAD cryptoauthlib/lib/crypto/atca_crypto_sw_ecdsa.o
LOAD cryptoauthlib/lib/crypto/atca_crypto_sw_rand.o
LOAD cryptoauthlib/lib/crypto/atca_crypto_sw_sha1.o
LOAD cryptoauthlib/lib/crypto/atca_crypto_sw_sha2.o
LOAD cryptoauthlib/lib/crypto/hashes/sha1_routines.o
LOAD cryptoauthlib/lib/crypto/hashes/sha2_routines.o
LOAD cryptoauthlib/lib/hal/atca_hal.o
LOAD cryptoauthlib/lib/hal/hal_atmega4809_i2c.o
LOAD cryptoauthlib/lib/hal/hal_atmega4809_timer.o
LOAD cryptoauthlib/lib/host/atca_host.o
LOAD cryptoauthlib/lib/jwt/atca_jwt.o
LOAD cryptoauthlib/lib/tls/atcatls.o
LOAD cryptoauthlib/lib/tls/atcatls_cfg.o
LOAD cryptoauthlib_main.o
LOAD driver_isr.o
LOAD examples/src/spi_basic_example.o
LOAD main.o
LOAD src/bod.o
LOAD src/clkctrl.o
LOAD src/cpuint.o
LOAD src/driver_init.o
LOAD src/i2c_master.o
LOAD src/i2c_simple_master.o
LOAD src/i2c_types.o
LOAD src/protected_io.o
LOAD src/slpctrl.o
LOAD src/spi_basic.o
LOAD src/usart_basic.o
LOAD winc/bsp/source/nm_bsp_mega.o
LOAD winc/bus_wrapper/source/nm_bus_wrapper_mega.o
LOAD winc/common/source/nm_common.o
LOAD winc/driver/source/m2m_ate_mode.o
LOAD winc/driver/source/m2m_crypto.o
LOAD winc/driver/source/m2m_hif.o
LOAD winc/driver/source/m2m_ota.o
LOAD winc/driver/source/m2m_periph.o
LOAD winc/driver/source/m2m_ssl.o
LOAD winc/driver/source/m2m_wifi.o
LOAD winc/driver/source/nmasic.o
LOAD winc/driver/source/nmbus.o
LOAD winc/driver/source/nmdrv.o
LOAD winc/driver/source/nmi2c.o
LOAD winc/driver/source/nmspi.o
LOAD winc/driver/source/nmuart.o
LOAD winc/socket/source/socket.o
LOAD winc/spi_flash/source/spi_flash.o
LOAD winc_certs_functions.o
START GROUP
LOAD c:/program files (x86)/atmel/studio/7.0/toolchain/avr8/avr8-gnu-toolchain/bin/../lib/gcc/avr/5.4.0/../../../../avr/lib/avrxmega3\libm.a
END GROUP
START GROUP
LOAD c:/program files (x86)/atmel/studio/7.0/toolchain/avr8/avr8-gnu-toolchain/bin/../lib/gcc/avr/5.4.0/avrxmega3\libgcc.a
LOAD c:/program files (x86)/atmel/studio/7.0/toolchain/avr8/avr8-gnu-toolchain/bin/../lib/gcc/avr/5.4.0/../../../../avr/lib/avrxmega3\libm.a
LOAD c:/program files (x86)/atmel/studio/7.0/toolchain/avr8/avr8-gnu-toolchain/bin/../lib/gcc/avr/5.4.0/../../../../avr/lib/avrxmega3\libc.a
LOAD C:/Program Files (x86)/Atmel/Studio/7.0/Packs/Atmel/ATmega_DFP/1.3.300/gcc/dev/atmega4808/avrxmega3\libatmega4808.a
END GROUP
                0x00100000                __TEXT_REGION_LENGTH__ = DEFINED (__TEXT_REGION_LENGTH__)?__TEXT_REGION_LENGTH__:0x100000
                0x0000ffa0                __DATA_REGION_LENGTH__ = DEFINED (__DATA_REGION_LENGTH__)?__DATA_REGION_LENGTH__:0xffa0
                0x00010000                __EEPROM_REGION_LENGTH__ = DEFINED (__EEPROM_REGION_LENGTH__)?__EEPROM_REGION_LENGTH__:0x10000
                [0x00000009]                __FUSE_REGION_LENGTH__ = DEFINED (__FUSE_REGION_LENGTH__)?__FUSE_REGION_LENGTH__:0x400
                0x00000400                __LOCK_REGION_LENGTH__ = DEFINED (__LOCK_REGION_LENGTH__)?__LOCK_REGION_LENGTH__:0x400
                0x00000400                __SIGNATURE_REGION_LENGTH__ = DEFINED (__SIGNATURE_REGION_LENGTH__)?__SIGNATURE_REGION_LENGTH__:0x400
                0x00000400                __USER_SIGNATURE_REGION_LENGTH__ = DEFINED (__USER_SIGNATURE_REGION_LENGTH__)?__USER_SIGNATURE_REGION_LENGTH__:0x400
                0x00008000                __RODATA_PM_OFFSET__ = DEFINED (__RODATA_PM_OFFSET__)?__RODATA_PM_OFFSET__:0x8000

.hash
 *(.hash)

.dynsym
 *(.dynsym)

.dynstr
 *(.dynstr)

.gnu.version
 *(.gnu.version)

.gnu.version_d
 *(.gnu.version_d)

.gnu.version_r
 *(.gnu.version_r)

.rel.init
 *(.rel.init)

.rela.init
 *(.rela.init)

.rel.text
 *(.rel.text)
 *(.rel.text.*)
 *(.rel.gnu.linkonce.t*)

.rela.text
 *(.rela.text)
 *(.rela.text.*)
 *(.rela.gnu.linkonce.t*)

.rel.fini
 *(.rel.fini)

.rela.fini
 *(.rela.fini)

.rel.rodata
 *(.rel.rodata)
 *(.rel.rodata.*)
 *(.rel.gnu.linkonce.r*)

.rela.rodata
 *(.rela.rodata)
 *(.rela.rodata.*)
 *(.rela.gnu.linkonce.r*)

.rel.data
 *(.rel.data)
 *(.rel.data.*)
 *(.rel.gnu.linkonce.d*)

.rela.data
 *(.rela.data)
 *(.rela.data.*)
 *(.rela.gnu.linkonce.d*)

.rel.ctors
 *(.rel.ctors)

.rela.ctors
 *(.rela.ctors)

.rel.dtors
 *(.rel.dtors)

.rela.dtors
 *(.rela.dtors)

.rel.got
 *(.rel.got)

.rela.got
 *(.rela.got)

.rel.bss
 *(.rel.bss)

.rela.bss
 *(.rela.bss)

.rel.plt
 *(.rel.plt)

.rela.plt
 *(.rela.plt)

.text           0x00000000     0x5c90
 *(.vectors)
 .vectors       0x00000000       0x90 C:/Program Files (x86)/Atmel/Studio/7.0/Packs/Atmel/ATmega_DFP/1.3.300/gcc/dev/atmega4808/avrxmega3/crtatmega4808.o
                0x00000000                __vector_default
                0x00000000                __vectors
 *(.vectors)
 *(.progmem.gcc*)
 .progmem.gcc_sw_table.hif_register_cb
                0x00000090        0xe winc/driver/source/m2m_hif.o
 .progmem.gcc_sw_table.spi_cmd
                0x0000009e       0x1e winc/driver/source/nmspi.o
                0x000000bc                . = ALIGN (0x2)
                0x000000bc                __trampolines_start = .
 *(.trampolines)
 .trampolines   0x000000bc        0x0 linker stubs
 *(.trampolines*)
                0x000000bc                __trampolines_end = .
 *libprintf_flt.a:*(.progmem.data)
 *libc.a:*(.progmem.data)
 *(.progmem*)
 .progmem.data.crc7_syndrome_table
                0x000000bc      0x100 winc/driver/source/nmspi.o
                0x000001bc                . = ALIGN (0x2)
 *(.jumptables)
 *(.jumptables*)
 *(.lowtext)
 *(.lowtext*)
                0x000001bc                __ctors_start = .
 *(.ctors)
                0x000001bc                __ctors_end = .
                0x000001bc                __dtors_start = .
 *(.dtors)
                0x000001bc                __dtors_end = .
 SORT(*)(.ctors)
 SORT(*)(.dtors)
 *(.init0)
 .init0         0x000001bc        0x0 C:/Program Files (x86)/Atmel/Studio/7.0/Packs/Atmel/ATmega_DFP/1.3.300/gcc/dev/atmega4808/avrxmega3/crtatmega4808.o
                0x000001bc                __init
 *(.init0)
 *(.init1)
 *(.init1)
 *(.init2)
 .init2         0x000001bc        0xc C:/Program Files (x86)/Atmel/Studio/7.0/Packs/Atmel/ATmega_DFP/1.3.300/gcc/dev/atmega4808/avrxmega3/crtatmega4808.o
 *(.init2)
 *(.init3)
 *(.init3)
 *(.init4)
 .init4         0x000001c8       0x16 c:/program files (x86)/atmel/studio/7.0/toolchain/avr8/avr8-gnu-toolchain/bin/../lib/gcc/avr/5.4.0/avrxmega3\libgcc.a(_copy_data.o)
                0x000001c8                __do_copy_data
 .init4         0x000001de       0x10 c:/program files (x86)/atmel/studio/7.0/toolchain/avr8/avr8-gnu-toolchain/bin/../lib/gcc/avr/5.4.0/avrxmega3\libgcc.a(_clear_bss.o)
                0x000001de                __do_clear_bss
 *(.init4)
 *(.init5)
 *(.init5)
 *(.init6)
 *(.init6)
 *(.init7)
 *(.init7)
 *(.init8)
 *(.init8)
 *(.init9)
 .init9         0x000001ee        0x8 C:/Program Files (x86)/Atmel/Studio/7.0/Packs/Atmel/ATmega_DFP/1.3.300/gcc/dev/atmega4808/avrxmega3/crtatmega4808.o
 *(.init9)
 *(.text)
 .text          0x000001f6        0x4 C:/Program Files (x86)/Atmel/Studio/7.0/Packs/Atmel/ATmega_DFP/1.3.300/gcc/dev/atmega4808/avrxmega3/crtatmega4808.o
                0x000001f6                __vector_22
                0x000001f6                __vector_28
                0x000001f6                __vector_1
                0x000001f6                __vector_32
                0x000001f6                __vector_34
                0x000001f6                __vector_24
                0x000001f6                __vector_12
                0x000001f6                __bad_interrupt
                0x000001f6                __vector_6
                0x000001f6                __vector_31
                0x000001f6                __vector_35
                0x000001f6                __vector_3
                0x000001f6                __vector_23
                0x000001f6                __vector_30
                0x000001f6                __vector_25
                0x000001f6                __vector_11
                0x000001f6                __vector_13
                0x000001f6                __vector_17
                0x000001f6                __vector_19
                0x000001f6                __vector_7
                0x000001f6                __vector_27
                0x000001f6                __vector_5
                0x000001f6                __vector_33
                0x000001f6                __vector_4
                0x000001f6                __vector_9
                0x000001f6                __vector_2
                0x000001f6                __vector_21
                0x000001f6                __vector_8
                0x000001f6                __vector_26
                0x000001f6                __vector_14
                0x000001f6                __vector_10
                0x000001f6                __vector_16
                0x000001f6                __vector_18
                0x000001f6                __vector_20
                0x000001fa                . = ALIGN (0x2)
 *(.text.*)
 .text.atmel_start_init
                0x000001fa        0x4 atmel_start.o
                0x000001fa                atmel_start_init
 .text.kit_protocol_convert_hex_to_nibble
                0x000001fe       0x28 convertions.o
 .text.CONVERTIONS_hexToBinary
                0x00000226       0x78 convertions.o
                0x00000226                CONVERTIONS_hexToBinary
 .text.CONVERTIONS_binaryToHex
                0x0000029e       0xba convertions.o
                0x0000029e                CONVERTIONS_binaryToHex
 .text.atcacert_create_csr
                0x00000358      0x17a cryptoauthlib/lib/atcacert/atcacert_client.o
                0x00000358                atcacert_create_csr
 .text.get_effective_offset
                0x000004d2       0x42 cryptoauthlib/lib/atcacert/atcacert_def.o
 .text.atcacert_get_tbs
                0x00000514       0x9c cryptoauthlib/lib/atcacert/atcacert_def.o
                0x00000514                atcacert_get_tbs
 .text.atcacert_get_tbs_digest
                0x000005b0       0x6a cryptoauthlib/lib/atcacert/atcacert_def.o
                0x000005b0                atcacert_get_tbs_digest
 .text.atcacert_set_cert_element
                0x0000061a       0xbc cryptoauthlib/lib/atcacert/atcacert_def.o
                0x0000061a                atcacert_set_cert_element
 .text.atcacert_set_signature
                0x000006d6      0x160 cryptoauthlib/lib/atcacert/atcacert_def.o
                0x000006d6                atcacert_set_signature
 .text.atcacert_get_cert_element
                0x00000836       0x9e cryptoauthlib/lib/atcacert/atcacert_def.o
                0x00000836                atcacert_get_cert_element
 .text.atcacert_get_subj_public_key
                0x000008d4       0x3e cryptoauthlib/lib/atcacert/atcacert_def.o
                0x000008d4                atcacert_get_subj_public_key
 .text.atcacert_get_subj_key_id
                0x00000912       0x3e cryptoauthlib/lib/atcacert/atcacert_def.o
                0x00000912                atcacert_get_subj_key_id
 .text.atcacert_get_cert_sn
                0x00000950       0x60 cryptoauthlib/lib/atcacert/atcacert_def.o
                0x00000950                atcacert_get_cert_sn
 .text.atcacert_der_enc_length
                0x000009b0       0xe0 cryptoauthlib/lib/atcacert/atcacert_der.o
                0x000009b0                atcacert_der_enc_length
 .text.atcacert_der_dec_length
                0x00000a90      0x13a cryptoauthlib/lib/atcacert/atcacert_der.o
                0x00000a90                atcacert_der_dec_length
 .text.atcacert_der_adjust_length
                0x00000bca       0xfe cryptoauthlib/lib/atcacert/atcacert_der.o
                0x00000bca                atcacert_der_adjust_length
 .text.atcacert_der_enc_integer
                0x00000cc8      0x16e cryptoauthlib/lib/atcacert/atcacert_der.o
                0x00000cc8                atcacert_der_enc_integer
 .text.atcacert_der_enc_ecdsa_sig_value
                0x00000e36      0x12c cryptoauthlib/lib/atcacert/atcacert_der.o
                0x00000e36                atcacert_der_enc_ecdsa_sig_value
 .text.initATCACommand
                0x00000f62       0x10 cryptoauthlib/lib/atca_command.o
                0x00000f62                initATCACommand
 .text.deleteATCACommand
                0x00000f72        0x2 cryptoauthlib/lib/atca_command.o
                0x00000f72                deleteATCACommand
 .text.atCRC    0x00000f74       0x5a cryptoauthlib/lib/atca_command.o
                0x00000f74                atCRC
 .text.atCalcCrc
                0x00000fce       0x18 cryptoauthlib/lib/atca_command.o
                0x00000fce                atCalcCrc
 .text.atGenKey
                0x00000fe6       0x1e cryptoauthlib/lib/atca_command.o
                0x00000fe6                atGenKey
 .text.atNonce  0x00001004       0x32 cryptoauthlib/lib/atca_command.o
                0x00001004                atNonce
 .text.atRandom
                0x00001036       0x14 cryptoauthlib/lib/atca_command.o
                0x00001036                atRandom
 .text.atRead   0x0000104a       0x14 cryptoauthlib/lib/atca_command.o
                0x0000104a                atRead
 .text.atSign   0x0000105e       0x14 cryptoauthlib/lib/atca_command.o
                0x0000105e                atSign
 .text.atCheckCrc
                0x00001072       0x5a cryptoauthlib/lib/atca_command.o
                0x00001072                atCheckCrc
 .text.isATCAError
                0x000010cc       0xa4 cryptoauthlib/lib/atca_command.o
                0x000010cc                isATCAError
 .text.initATCADevice
                0x00001170       0x5e cryptoauthlib/lib/atca_device.o
                0x00001170                initATCADevice
 .text.atGetCommands
                0x000011ce        0x8 cryptoauthlib/lib/atca_device.o
                0x000011ce                atGetCommands
 .text.atGetIFace
                0x000011d6        0x8 cryptoauthlib/lib/atca_device.o
                0x000011d6                atGetIFace
 .text.deleteATCADevice
                0x000011de       0x32 cryptoauthlib/lib/atca_device.o
                0x000011de                deleteATCADevice
 .text.atGetExecTime
                0x00001210       0x9c cryptoauthlib/lib/atca_execution.o
                0x00001210                atGetExecTime
 .text.atca_execute_command
                0x000012ac       0xf4 cryptoauthlib/lib/atca_execution.o
                0x000012ac                atca_execute_command
 .text.atsend   0x000013a0        0xc cryptoauthlib/lib/atca_iface.o
                0x000013a0                atsend
 .text.atreceive
                0x000013ac        0xc cryptoauthlib/lib/atca_iface.o
                0x000013ac                atreceive
 .text.atwake   0x000013b8        0xc cryptoauthlib/lib/atca_iface.o
                0x000013b8                atwake
 .text.atidle   0x000013c4       0x22 cryptoauthlib/lib/atca_iface.o
                0x000013c4                atidle
 .text.deleteATCAIface
                0x000013e6       0x22 cryptoauthlib/lib/atca_iface.o
                0x000013e6                deleteATCAIface
 .text._atinit  0x00001408       0x62 cryptoauthlib/lib/atca_iface.o
                0x00001408                _atinit
 .text.atinit   0x0000146a       0x5e cryptoauthlib/lib/atca_iface.o
                0x0000146a                atinit
 .text.initATCAIface
                0x000014c8       0x32 cryptoauthlib/lib/atca_iface.o
                0x000014c8                initATCAIface
 .text.atcab_init
                0x000014fa       0x80 cryptoauthlib/lib/basic/atca_basic.o
                0x000014fa                atcab_init
 .text.atcab_release
                0x0000157a        0xc cryptoauthlib/lib/basic/atca_basic.o
                0x0000157a                atcab_release
 .text.atcab_init_device
                0x00001586       0x44 cryptoauthlib/lib/basic/atca_basic.o
                0x00001586                atcab_init_device
 .text.atcab_get_addr
                0x000015ca       0x58 cryptoauthlib/lib/basic/atca_basic.o
                0x000015ca                atcab_get_addr
 .text.atcab_get_zone_size
                0x00001622       0x82 cryptoauthlib/lib/basic/atca_basic.o
                0x00001622                atcab_get_zone_size
 .text.atcab_genkey_base
                0x000016a4       0x9c cryptoauthlib/lib/basic/atca_basic_genkey.o
                0x000016a4                atcab_genkey_base
 .text.atcab_get_pubkey
                0x00001740        0xe cryptoauthlib/lib/basic/atca_basic_genkey.o
                0x00001740                atcab_get_pubkey
 .text.atcab_nonce_base
                0x0000174e       0xaa cryptoauthlib/lib/basic/atca_basic_nonce.o
                0x0000174e                atcab_nonce_base
 .text.atcab_nonce_load
                0x000017f8       0x26 cryptoauthlib/lib/basic/atca_basic_nonce.o
                0x000017f8                atcab_nonce_load
 .text.atcab_random
                0x0000181e       0x7c cryptoauthlib/lib/basic/atca_basic_random.o
                0x0000181e                atcab_random
 .text.atcab_read_zone
                0x0000189a       0xc8 cryptoauthlib/lib/basic/atca_basic_read.o
                0x0000189a                atcab_read_zone
 .text.atcab_read_pubkey
                0x00001962       0xd2 cryptoauthlib/lib/basic/atca_basic_read.o
                0x00001962                atcab_read_pubkey
 .text.atcab_read_bytes_zone
                0x00001a34      0x18c cryptoauthlib/lib/basic/atca_basic_read.o
                0x00001a34                atcab_read_bytes_zone
 .text.atcab_sign_base
                0x00001bc0       0x84 cryptoauthlib/lib/basic/atca_basic_sign.o
                0x00001bc0                atcab_sign_base
 .text.atcab_sign
                0x00001c44       0x76 cryptoauthlib/lib/basic/atca_basic_sign.o
                0x00001c44                atcab_sign
 .text.atcac_sw_sha2_256
                0x00001cba       0x62 cryptoauthlib/lib/crypto/atca_crypto_sw_sha2.o
                0x00001cba                atcac_sw_sha2_256
 .text.sw_sha256_process
                0x00001d1c      0x896 cryptoauthlib/lib/crypto/hashes/sha2_routines.o
 .text.sw_sha256_init
                0x000025b2       0x30 cryptoauthlib/lib/crypto/hashes/sha2_routines.o
                0x000025b2                sw_sha256_init
 .text.sw_sha256_update
                0x000025e2      0x170 cryptoauthlib/lib/crypto/hashes/sha2_routines.o
                0x000025e2                sw_sha256_update
 .text.sw_sha256_final
                0x00002752      0x17e cryptoauthlib/lib/crypto/hashes/sha2_routines.o
                0x00002752                sw_sha256_final
 .text.hal_iface_init
                0x000028d0       0x56 cryptoauthlib/lib/hal/atca_hal.o
                0x000028d0                hal_iface_init
 .text.hal_iface_release
                0x00002926        0xe cryptoauthlib/lib/hal/atca_hal.o
                0x00002926                hal_iface_release
 .text.hal_i2c_init
                0x00002934        0x8 cryptoauthlib/lib/hal/hal_atmega4809_i2c.o
                0x00002934                hal_i2c_init
 .text.hal_i2c_post_init
                0x0000293c        0x4 cryptoauthlib/lib/hal/hal_atmega4809_i2c.o
                0x0000293c                hal_i2c_post_init
 .text.hal_i2c_send
                0x00002940       0x14 cryptoauthlib/lib/hal/hal_atmega4809_i2c.o
                0x00002940                hal_i2c_send
 .text.hal_i2c_receive
                0x00002954       0x10 cryptoauthlib/lib/hal/hal_atmega4809_i2c.o
                0x00002954                hal_i2c_receive
 .text.hal_i2c_idle
                0x00002964       0x28 cryptoauthlib/lib/hal/hal_atmega4809_i2c.o
                0x00002964                hal_i2c_idle
 .text.hal_i2c_sleep
                0x0000298c       0x28 cryptoauthlib/lib/hal/hal_atmega4809_i2c.o
                0x0000298c                hal_i2c_sleep
 .text.I2C_0_wake_up
                0x000029b4       0x44 cryptoauthlib/lib/hal/hal_atmega4809_i2c.o
                0x000029b4                I2C_0_wake_up
 .text.hal_i2c_wake
                0x000029f8       0x82 cryptoauthlib/lib/hal/hal_atmega4809_i2c.o
                0x000029f8                hal_i2c_wake
 .text.hal_i2c_release
                0x00002a7a        0x4 cryptoauthlib/lib/hal/hal_atmega4809_i2c.o
                0x00002a7a                hal_i2c_release
 .text.atca_delay_ms
                0x00002a7e       0x22 cryptoauthlib/lib/hal/hal_atmega4809_timer.o
                0x00002a7e                atca_delay_ms
 .text.cryptoauthlib_init
                0x00002aa0       0x18 cryptoauthlib_main.o
                0x00002aa0                cryptoauthlib_init
 .text.startup.main
                0x00002ab8      0x234 main.o
                0x00002ab8                main
 .text.BOD_init
                0x00002cec        0x4 src/bod.o
                0x00002cec                BOD_init
 .text.CLKCTRL_init
                0x00002cf0       0x10 src/clkctrl.o
                0x00002cf0                CLKCTRL_init
 .text.CPUINT_init
                0x00002d00        0x4 src/cpuint.o
                0x00002d00                CPUINT_init
 .text.mcu_init
                0x00002d04       0x6e src/driver_init.o
                0x00002d04                mcu_init
 .text.USART_0_initialization
                0x00002d72       0x14 src/driver_init.o
                0x00002d72                USART_0_initialization
 .text.SPI_0_initialization
                0x00002d86       0x18 src/driver_init.o
                0x00002d86                SPI_0_initialization
 .text.I2C_0_initialization
                0x00002d9e       0x38 src/driver_init.o
                0x00002d9e                I2C_0_initialization
 .text.system_init
                0x00002dd6       0x74 src/driver_init.o
                0x00002dd6                system_init
 .text.I2C_0_do_I2C_RESET
                0x00002e4a       0x20 src/i2c_master.o
 .text.I2C_0_do_I2C_IDLE
                0x00002e6a       0x10 src/i2c_master.o
 .text.I2C_0_do_I2C_SEND_STOP
                0x00002e7a       0x1a src/i2c_master.o
 .text.I2C_0_do_I2C_SEND_ADR_READ
                0x00002e94       0x18 src/i2c_master.o
 .text.I2C_0_do_I2C_SEND_RESTART
                0x00002eac        0x4 src/i2c_master.o
 .text.I2C_0_do_I2C_SEND_ADR_WRITE
                0x00002eb0       0x16 src/i2c_master.o
 .text.I2C_0_do_I2C_SEND_RESTART_WRITE
                0x00002ec6        0x4 src/i2c_master.o
 .text.I2C_0_do_I2C_DO_ADDRESS_NACK
                0x00002eca       0x36 src/i2c_master.o
 .text.I2C_0_do_I2C_RX_DO_ACK
                0x00002f00        0xe src/i2c_master.o
 .text.I2C_0_do_I2C_TX_DO_ACK
                0x00002f0e        0xe src/i2c_master.o
 .text.I2C_0_do_I2C_DO_NACK_STOP
                0x00002f1c       0x20 src/i2c_master.o
 .text.I2C_0_do_I2C_DO_NACK_RESTART
                0x00002f3c        0xe src/i2c_master.o
 .text.I2C_0_do_I2C_BUS_COLLISION
                0x00002f4a       0x36 src/i2c_master.o
 .text.I2C_0_do_I2C_BUS_ERROR
                0x00002f80       0x22 src/i2c_master.o
 .text.I2C_0_master_isr
                0x00002fa2       0x58 src/i2c_master.o
 .text.I2C_0_return_stop
                0x00002ffa        0x4 src/i2c_master.o
 .text.I2C_0_return_reset
                0x00002ffe        0x4 src/i2c_master.o
 .text.I2C_0_set_callback
                0x00003002       0x3e src/i2c_master.o
 .text.I2C_0_do_I2C_TX
                0x00003040       0x70 src/i2c_master.o
 .text.I2C_0_do_I2C_RX
                0x000030b0       0xa4 src/i2c_master.o
 .text.I2C_0_do_I2C_TX_EMPTY
                0x00003154       0x5c src/i2c_master.o
 .text.I2C_0_do_I2C_SEND_RESTART_READ
                0x000031b0        0x4 src/i2c_master.o
 .text.I2C_0_set_data_complete_callback
                0x000031b4        0xa src/i2c_master.o
                0x000031b4                I2C_0_set_data_complete_callback
 .text.I2C_0_set_address_nack_callback
                0x000031be        0xa src/i2c_master.o
                0x000031be                I2C_0_set_address_nack_callback
 .text.I2C_0_init
                0x000031c8       0x10 src/i2c_master.o
                0x000031c8                I2C_0_init
 .text.I2C_0_open
                0x000031d8       0xb2 src/i2c_master.o
                0x000031d8                I2C_0_open
 .text.I2C_0_close
                0x0000328a       0x4a src/i2c_master.o
                0x0000328a                I2C_0_close
 .text.I2C_0_set_buffer
                0x000032d4       0x24 src/i2c_master.o
                0x000032d4                I2C_0_set_buffer
 .text.I2C_0_master_operation
                0x000032f8       0x28 src/i2c_master.o
                0x000032f8                I2C_0_master_operation
 .text.I2C_0_master_read
                0x00003320        0x6 src/i2c_master.o
                0x00003320                I2C_0_master_read
 .text.I2C_0_master_write
                0x00003326        0x6 src/i2c_master.o
                0x00003326                I2C_0_master_write
 .text.__vector_15
                0x0000332c       0x48 src/i2c_master.o
                0x0000332c                __vector_15
 .text.I2C_0_writeNBytes
                0x00003374       0x46 src/i2c_simple_master.o
                0x00003374                I2C_0_writeNBytes
 .text.I2C_0_readNBytes
                0x000033ba       0x3a src/i2c_simple_master.o
                0x000033ba                I2C_0_readNBytes
 .text.i2c_cb_return_stop
                0x000033f4        0x4 src/i2c_types.o
                0x000033f4                i2c_cb_return_stop
 .text.i2c_cb_restart_write
                0x000033f8        0x4 src/i2c_types.o
                0x000033f8                i2c_cb_restart_write
 .text.protected_write_io
                0x000033fc        0x8 src/protected_io.o
                0x000033fc                protected_write_io
 .text.SLPCTRL_init
                0x00003404        0x4 src/slpctrl.o
                0x00003404                SLPCTRL_init
 .text.SPI_0_init
                0x00003408        0xc src/spi_basic.o
                0x00003408                SPI_0_init
 .text.SPI_0_enable
                0x00003414        0xc src/spi_basic.o
                0x00003414                SPI_0_enable
 .text.SPI_0_exchange_byte
                0x00003420       0x1c src/spi_basic.o
                0x00003420                SPI_0_exchange_byte
 .text.USART_0_init
                0x0000343c       0x20 src/usart_basic.o
                0x0000343c                USART_0_init
 .text.USART_0_read
                0x0000345c        0xe src/usart_basic.o
                0x0000345c                USART_0_read
 .text.USART_0_write
                0x0000346a        0xe src/usart_basic.o
                0x0000346a                USART_0_write
 .text.USART_0_printCHAR
                0x00003478        0xa src/usart_basic.o
                0x00003478                USART_0_printCHAR
 .text.CONF_WIFI_M2M_INT_PIN_set_isc
                0x00003482        0xe winc/bsp/source/nm_bsp_mega.o
 .text.__vector_29
                0x00003490       0x5a winc/bsp/source/nm_bsp_mega.o
                0x00003490                __vector_29
 .text.nm_bsp_sleep
                0x000034ea       0x22 winc/bsp/source/nm_bsp_mega.o
                0x000034ea                nm_bsp_sleep
 .text.nm_bsp_reset
                0x0000350c       0x2c winc/bsp/source/nm_bsp_mega.o
                0x0000350c                nm_bsp_reset
 .text.nm_bsp_init
                0x00003538       0x18 winc/bsp/source/nm_bsp_mega.o
                0x00003538                nm_bsp_init
 .text.nm_bsp_register_isr
                0x00003550       0x20 winc/bsp/source/nm_bsp_mega.o
                0x00003550                nm_bsp_register_isr
 .text.nm_bsp_interrupt_ctrl
                0x00003570        0xe winc/bsp/source/nm_bsp_mega.o
                0x00003570                nm_bsp_interrupt_ctrl
 .text.nm_bus_init
                0x0000357e       0x2a winc/bus_wrapper/source/nm_bus_wrapper_mega.o
                0x0000357e                nm_bus_init
 .text.nm_bus_ioctl
                0x000035a8       0xa4 winc/bus_wrapper/source/nm_bus_wrapper_mega.o
                0x000035a8                nm_bus_ioctl
 .text.nm_bus_deinit
                0x0000364c        0x4 winc/bus_wrapper/source/nm_bus_wrapper_mega.o
                0x0000364c                nm_bus_deinit
 .text.m2m_memcpy
                0x00003650       0x20 winc/common/source/nm_common.o
                0x00003650                m2m_memcpy
 .text.m2m_memset
                0x00003670       0x1c winc/common/source/nm_common.o
                0x00003670                m2m_memset
 .text.m2m_strlen
                0x0000368c       0x12 winc/common/source/nm_common.o
                0x0000368c                m2m_strlen
 .text.isr      0x0000369e        0xc winc/driver/source/m2m_hif.o
 .text.m2m_hif_cb
                0x000036aa        0x2 winc/driver/source/m2m_hif.o
 .text.hif_set_rx_done
                0x000036ac       0x5a winc/driver/source/m2m_hif.o
 .text.hif_chip_wake
                0x00003706       0x32 winc/driver/source/m2m_hif.o
                0x00003706                hif_chip_wake
 .text.hif_chip_sleep_sc
                0x00003738       0x16 winc/driver/source/m2m_hif.o
                0x00003738                hif_chip_sleep_sc
 .text.hif_chip_sleep
                0x0000374e       0x28 winc/driver/source/m2m_hif.o
                0x0000374e                hif_chip_sleep
 .text.hif_init
                0x00003776       0x2a winc/driver/source/m2m_hif.o
                0x00003776                hif_init
 .text.hif_send
                0x000037a0      0x316 winc/driver/source/m2m_hif.o
                0x000037a0                hif_send
 .text.hif_receive
                0x00003ab6      0x13a winc/driver/source/m2m_hif.o
                0x00003ab6                hif_receive
 .text.hif_register_cb
                0x00003bf0       0x60 winc/driver/source/m2m_hif.o
                0x00003bf0                hif_register_cb
 .text.m2m_ssl_send_certs_to_winc
                0x00003c50       0x32 winc/driver/source/m2m_ssl.o
                0x00003c50                m2m_ssl_send_certs_to_winc
 .text.m2m_wifi_cb
                0x00003c82      0x314 winc/driver/source/m2m_wifi.o
 .text.m2m_wifi_init
                0x00003f96       0x78 winc/driver/source/m2m_wifi.o
                0x00003f96                m2m_wifi_init
 .text.chip_apply_conf
                0x0000400e       0x72 winc/driver/source/nmasic.o
                0x0000400e                chip_apply_conf
 .text.enable_interrupts
                0x00004080       0x94 winc/driver/source/nmasic.o
                0x00004080                enable_interrupts
 .text.nmi_get_chipid
                0x00004114      0x15a winc/driver/source/nmasic.o
                0x00004114                nmi_get_chipid
 .text.chip_sleep
                0x0000426e       0xb4 winc/driver/source/nmasic.o
                0x0000426e                chip_sleep
 .text.chip_wake
                0x00004322       0xfc winc/driver/source/nmasic.o
                0x00004322                chip_wake
 .text.wait_for_bootrom
                0x0000441e      0x11a winc/driver/source/nmasic.o
                0x0000441e                wait_for_bootrom
 .text.wait_for_firmware_start
                0x00004538       0xe6 winc/driver/source/nmasic.o
                0x00004538                wait_for_firmware_start
 .text.chip_deinit
                0x0000461e       0x58 winc/driver/source/nmasic.o
                0x0000461e                chip_deinit
 .text.nm_bus_iface_init
                0x00004676        0x4 winc/driver/source/nmbus.o
                0x00004676                nm_bus_iface_init
 .text.nm_bus_iface_deinit
                0x0000467a        0x4 winc/driver/source/nmbus.o
                0x0000467a                nm_bus_iface_deinit
 .text.nm_bus_reset
                0x0000467e        0x4 winc/driver/source/nmbus.o
                0x0000467e                nm_bus_reset
 .text.nm_read_reg
                0x00004682        0x4 winc/driver/source/nmbus.o
                0x00004682                nm_read_reg
 .text.nm_read_reg_with_ret
                0x00004686        0x4 winc/driver/source/nmbus.o
                0x00004686                nm_read_reg_with_ret
 .text.nm_write_reg
                0x0000468a        0x4 winc/driver/source/nmbus.o
                0x0000468a                nm_write_reg
 .text.nm_read_block
                0x0000468e       0xfa winc/driver/source/nmbus.o
                0x0000468e                nm_read_block
 .text.nm_write_block
                0x00004788       0xfa winc/driver/source/nmbus.o
                0x00004788                nm_write_block
 .text.nm_get_firmware_full_info
                0x00004882      0x13a winc/driver/source/nmdrv.o
                0x00004882                nm_get_firmware_full_info
 .text.nm_drv_init
                0x000049bc       0x5c winc/driver/source/nmdrv.o
                0x000049bc                nm_drv_init
 .text.nm_drv_deinit
                0x00004a18       0x2c winc/driver/source/nmdrv.o
                0x00004a18                nm_drv_deinit
 .text.nmi_spi_write
                0x00004a44       0x32 winc/driver/source/nmspi.o
 .text.nmi_spi_read
                0x00004a76       0x32 winc/driver/source/nmspi.o
 .text.spi_cmd_rsp
                0x00004aa8       0x7a winc/driver/source/nmspi.o
 .text.spi_data_read
                0x00004b22       0xce winc/driver/source/nmspi.o
 .text.spi_cmd  0x00004bf0      0x12c winc/driver/source/nmspi.o
 .text.spi_write_reg
                0x00004d1c       0xfc winc/driver/source/nmspi.o
 .text.spi_read_reg
                0x00004e18      0x12e winc/driver/source/nmspi.o
 .text.nm_spi_reset
                0x00004f46       0x40 winc/driver/source/nmspi.o
                0x00004f46                nm_spi_reset
 .text.nm_spi_deinit
                0x00004f86        0x8 winc/driver/source/nmspi.o
                0x00004f86                nm_spi_deinit
 .text.nm_spi_read_reg
                0x00004f8e       0x2a winc/driver/source/nmspi.o
                0x00004f8e                nm_spi_read_reg
 .text.nm_spi_read_reg_with_ret
                0x00004fb8       0x10 winc/driver/source/nmspi.o
                0x00004fb8                nm_spi_read_reg_with_ret
 .text.nm_spi_write_reg
                0x00004fc8       0x10 winc/driver/source/nmspi.o
                0x00004fc8                nm_spi_write_reg
 .text.nm_spi_init
                0x00004fd8       0xd2 winc/driver/source/nmspi.o
                0x00004fd8                nm_spi_init
 .text.nm_spi_read_block
                0x000050aa      0x11e winc/driver/source/nmspi.o
                0x000050aa                nm_spi_read_block
 .text.nm_spi_write_block
                0x000051c8      0x1a2 winc/driver/source/nmspi.o
                0x000051c8                nm_spi_write_block
 .text.spi_flash_enable
                0x0000536a      0x194 winc/spi_flash/source/spi_flash.o
                0x0000536a                spi_flash_enable
 .text.bin2hex  0x000054fe       0x62 winc_certs_functions.o
 .text.WINC_CERTS_appendFileBuf
                0x00005560      0x164 winc_certs_functions.o
                0x00005560                WINC_CERTS_appendFileBuf
 .text.WINC_CERTS_getTotalFilesSize
                0x000056c4       0x48 winc_certs_functions.o
                0x000056c4                WINC_CERTS_getTotalFilesSize
 .text.WINC_CERTS_initBuffer
                0x0000570c       0x74 winc_certs_functions.o
                0x0000570c                WINC_CERTS_initBuffer
 .text.WINC_CERTS_transfer
                0x00005780      0x214 winc_certs_functions.o
                0x00005780                WINC_CERTS_transfer
 .text.libgcc   0x00005994        0xc c:/program files (x86)/atmel/studio/7.0/toolchain/avr8/avr8-gnu-toolchain/bin/../lib/gcc/avr/5.4.0/avrxmega3\libgcc.a(_tablejump2.o)
                0x00005994                __tablejump2__
 .text.avr-libc
                0x000059a0      0x242 c:/program files (x86)/atmel/studio/7.0/toolchain/avr8/avr8-gnu-toolchain/bin/../lib/gcc/avr/5.4.0/../../../../avr/lib/avrxmega3\libc.a(malloc.o)
                0x000059a0                malloc
                0x00005ad0                free
 .text.avr-libc
                0x00005be2       0x1a c:/program files (x86)/atmel/studio/7.0/toolchain/avr8/avr8-gnu-toolchain/bin/../lib/gcc/avr/5.4.0/../../../../avr/lib/avrxmega3\libc.a(memcmp.o)
                0x00005be2                memcmp
 .text.avr-libc
                0x00005bfc       0x12 c:/program files (x86)/atmel/studio/7.0/toolchain/avr8/avr8-gnu-toolchain/bin/../lib/gcc/avr/5.4.0/../../../../avr/lib/avrxmega3\libc.a(memcpy.o)
                0x00005bfc                memcpy
 .text.avr-libc
                0x00005c0e       0x24 c:/program files (x86)/atmel/studio/7.0/toolchain/avr8/avr8-gnu-toolchain/bin/../lib/gcc/avr/5.4.0/../../../../avr/lib/avrxmega3\libc.a(memmove.o)
                0x00005c0e                memmove
 .text.avr-libc
                0x00005c32        0xe c:/program files (x86)/atmel/studio/7.0/toolchain/avr8/avr8-gnu-toolchain/bin/../lib/gcc/avr/5.4.0/../../../../avr/lib/avrxmega3\libc.a(memset.o)
                0x00005c32                memset
 .text.avr-libc
                0x00005c40       0x16 c:/program files (x86)/atmel/studio/7.0/toolchain/avr8/avr8-gnu-toolchain/bin/../lib/gcc/avr/5.4.0/../../../../avr/lib/avrxmega3\libc.a(strcat.o)
                0x00005c40                strcat
 .text.avr-libc
                0x00005c56       0x16 c:/program files (x86)/atmel/studio/7.0/toolchain/avr8/avr8-gnu-toolchain/bin/../lib/gcc/avr/5.4.0/../../../../avr/lib/avrxmega3\libc.a(strchr.o)
                0x00005c56                strchr
 .text.avr-libc
                0x00005c6c       0x12 c:/program files (x86)/atmel/studio/7.0/toolchain/avr8/avr8-gnu-toolchain/bin/../lib/gcc/avr/5.4.0/../../../../avr/lib/avrxmega3\libc.a(strcmp.o)
                0x00005c6c                strcmp
 .text.avr-libc
                0x00005c7e        0xe c:/program files (x86)/atmel/studio/7.0/toolchain/avr8/avr8-gnu-toolchain/bin/../lib/gcc/avr/5.4.0/../../../../avr/lib/avrxmega3\libc.a(strcpy.o)
                0x00005c7e                strcpy
                0x00005c8c                . = ALIGN (0x2)
 *(.fini9)
 .fini9         0x00005c8c        0x0 c:/program files (x86)/atmel/studio/7.0/toolchain/avr8/avr8-gnu-toolchain/bin/../lib/gcc/avr/5.4.0/avrxmega3\libgcc.a(_exit.o)
                0x00005c8c                _exit
                0x00005c8c                exit
 *(.fini9)
 *(.fini8)
 *(.fini8)
 *(.fini7)
 *(.fini7)
 *(.fini6)
 *(.fini6)
 *(.fini5)
 *(.fini5)
 *(.fini4)
 *(.fini4)
 *(.fini3)
 *(.fini3)
 *(.fini2)
 *(.fini2)
 *(.fini1)
 *(.fini1)
 *(.fini0)
 .fini0         0x00005c8c        0x4 c:/program files (x86)/atmel/studio/7.0/toolchain/avr8/avr8-gnu-toolchain/bin/../lib/gcc/avr/5.4.0/avrxmega3\libgcc.a(_exit.o)
 *(.fini0)
                0x00005c90                _etext = .

.rodata         0x00009c90      0x884 load address 0x00005c90
 *(.rodata)
 .rodata        0x00009c90        0x4 cryptoauthlib/lib/atca_command.o
 .rodata        0x00009c94        0x4 cryptoauthlib/lib/hal/hal_atmega4809_i2c.o
 .rodata        0x00009c98        0x7 main.o
 *(.rodata*)
 .rodata.g_cert_def_1_signer
                0x00009c9f       0x4a cert_def_1_signer.o
                0x00009c9f                g_cert_def_1_signer
 .rodata.g_cert_template_1_signer
                0x00009ce9      0x1cc cert_def_1_signer.o
                0x00009ce9                g_cert_template_1_signer
 .rodata.g_cert_elements_1_signer
                0x00009eb5       0x36 cert_def_1_signer.o
                0x00009eb5                g_cert_elements_1_signer
 .rodata.g_cert_def_2_device
                0x00009eeb       0x4a cert_def_2_device.o
                0x00009eeb                g_cert_def_2_device
 .rodata.g_cert_template_2_device
                0x00009f35      0x1aa cert_def_2_device.o
                0x00009f35                g_cert_template_2_device
 .rodata.g_csr_def_3_device
                0x0000a0df       0x4a cert_def_3_device_csr.o
                0x0000a0df                g_csr_def_3_device
 .rodata.g_csr_template_3_device
                0x0000a129       0xfe cert_def_3_device_csr.o
                0x0000a129                g_csr_template_3_device
 .rodata.device_execution_time_608_m2
                0x0000a227       0x42 cryptoauthlib/lib/atca_execution.o
 .rodata.device_execution_time_608_m1
                0x0000a269       0x42 cryptoauthlib/lib/atca_execution.o
 .rodata.device_execution_time_608_m0
                0x0000a2ab       0x42 cryptoauthlib/lib/atca_execution.o
 .rodata.device_execution_time_508
                0x0000a2ed       0x3c cryptoauthlib/lib/atca_execution.o
 .rodata.device_execution_time_108
                0x0000a329       0x39 cryptoauthlib/lib/atca_execution.o
 .rodata.device_execution_time_204
                0x0000a362       0x2a cryptoauthlib/lib/atca_execution.o
 .rodata.k.1757
                0x0000a38c      0x100 cryptoauthlib/lib/crypto/hashes/sha2_routines.o
 .rodata.hash_init.1789
                0x0000a48c       0x20 cryptoauthlib/lib/crypto/hashes/sha2_routines.o
 .rodata.str1.1
                0x0000a4ac       0x37 main.o
 .rodata.str1.1
                0x0000a4e3       0x20 winc_certs_functions.o
 .rodata.hex.3580
                0x0000a503       0x11 winc_certs_functions.o
 *(.gnu.linkonce.r*)

.data           0x00802800       0x66 load address 0x00006514
                0x00802800                PROVIDE (__data_start, .)
 *(.data)
 .data          0x00802800        0x6 c:/program files (x86)/atmel/studio/7.0/toolchain/avr8/avr8-gnu-toolchain/bin/../lib/gcc/avr/5.4.0/../../../../avr/lib/avrxmega3\libc.a(malloc.o)
                0x00802800                __malloc_heap_end
                0x00802802                __malloc_heap_start
                0x00802804                __malloc_margin
 *(.data*)
 .data.cryptoDeviceInitialized
                0x00802806        0x1 cryptoauthlib_main.o
                0x00802806                cryptoDeviceInitialized
 .data.cfg_ateccx08a_i2c_custom
                0x00802807       0x26 cryptoauthlib_main.o
                0x00802807                cfg_ateccx08a_i2c_custom
 .data._gMyDevice
                0x0080282d        0x4 cryptoauthlib_main.o
                0x0080282d                _gMyDevice
 .data.I2C_0_fsmStateTable
                0x00802831       0x24 src/i2c_master.o
                0x00802831                I2C_0_fsmStateTable
 .data.USART_0_stream
                0x00802855        0xe src/usart_basic.o
                0x00802855                USART_0_stream
 .data.egstrNmBusCapabilities
                0x00802863        0x2 winc/bus_wrapper/source/nm_bus_wrapper_mega.o
                0x00802863                egstrNmBusCapabilities
 *(.gnu.linkonce.d*)
                0x00802866                . = ALIGN (0x2)
 *fill*         0x00802865        0x1 
                0x00802866                _edata = .
                0x00802866                PROVIDE (__data_end, .)

.bss            0x00802866      0xfcf
                0x00802866                PROVIDE (__bss_start, .)
 *(.bss)
 *(.bss*)
 .bss.g_signer_1_ca_public_key
                0x00802866       0x40 cert_def_1_signer.o
                0x00802866                g_signer_1_ca_public_key
 .bss._gDevice  0x008028a6        0x2 cryptoauthlib/lib/basic/atca_basic.o
                0x008028a6                _gDevice
 .bss.I2C_0_status
                0x008028a8       0x24 src/i2c_master.o
                0x008028a8                I2C_0_status
 .bss.SPI_0_desc
                0x008028cc        0x1 src/spi_basic.o
 .bss.gpfIsr    0x008028cd        0x2 winc/bsp/source/nm_bsp_mega.o
 .bss.gpfAppWifiCb
                0x008028cf        0x2 winc/driver/source/m2m_wifi.o
 .bss.gu8scanInProgress
                0x008028d1        0x1 winc/driver/source/m2m_wifi.o
 .bss.gu8ChNum  0x008028d2        0x1 winc/driver/source/m2m_wifi.o
 .bss.chipid.2327
                0x008028d3        0x4 winc/driver/source/nmasic.o
 .bss.gu8Crc_off
                0x008028d7        0x1 winc/driver/source/nmspi.o
 .bss.buf.3579  0x008028d8      0x100 winc_certs_functions.o
 .bss.signer_ca_public_key_size
                0x008029d8        0x4 winc_certs_functions.o
                0x008029d8                signer_ca_public_key_size
 .bss.signer_cert_filename
                0x008029dc        0x2 winc_certs_functions.o
                0x008029dc                signer_cert_filename
 .bss.device_cert_filename
                0x008029de        0x2 winc_certs_functions.o
                0x008029de                device_cert_filename
 .bss.file_list
                0x008029e0        0x2 winc_certs_functions.o
                0x008029e0                file_list
 .bss.device_cert
                0x008029e2        0x2 winc_certs_functions.o
                0x008029e2                device_cert
 .bss.signer_cert
                0x008029e4        0x2 winc_certs_functions.o
                0x008029e4                signer_cert
 *(COMMON)
 COMMON         0x008029e6       0x17 cryptoauthlib_main.o
                0x008029e6                _gmyIface
                0x008029f9                _gmyCommand
 COMMON         0x008029fd       0x1a winc/driver/source/m2m_hif.o
                0x008029fd                gstrHifCxt
 COMMON         0x00802a17      0xe14 winc_certs_functions.o
                0x00802a17                signer_cert_size
                0x00802a19                sector_buffer
                0x00803829                device_cert_size
 COMMON         0x0080382b        0x4 c:/program files (x86)/atmel/studio/7.0/toolchain/avr8/avr8-gnu-toolchain/bin/../lib/gcc/avr/5.4.0/../../../../avr/lib/avrxmega3\libc.a(malloc.o)
                0x0080382b                __brkval
                0x0080382d                __flp
 COMMON         0x0080382f        0x6 c:/program files (x86)/atmel/studio/7.0/toolchain/avr8/avr8-gnu-toolchain/bin/../lib/gcc/avr/5.4.0/../../../../avr/lib/avrxmega3\libc.a(iob.o)
                0x0080382f                __iob
                0x00803835                PROVIDE (__bss_end, .)
                0x00006514                __data_load_start = LOADADDR (.data)
                0x0000657a                __data_load_end = (__data_load_start + SIZEOF (.data))

.noinit         0x00803835        0x0
                [!provide]                PROVIDE (__noinit_start, .)
 *(.noinit*)
                [!provide]                PROVIDE (__noinit_end, .)
                0x00803835                _end = .
                0x00803835                PROVIDE (__heap_start, .)

.eeprom         0x00810000        0x0
 *(.eeprom*)
                0x00810000                __eeprom_end = .

.fuse
 *(.fuse)
 *(.lfuse)
 *(.hfuse)
 *(.efuse)

.lock
 *(.lock*)

.signature
 *(.signature*)

.user_signatures
 *(.user_signatures*)

.stab
 *(.stab)

.stabstr
 *(.stabstr)

.stab.excl
 *(.stab.excl)

.stab.exclstr
 *(.stab.exclstr)

.stab.index
 *(.stab.index)

.stab.indexstr
 *(.stab.indexstr)

.comment        0x00000000       0x30
 *(.comment)
 .comment       0x00000000       0x30 atmel_start.o
                                 0x31 (size before relaxing)
 .comment       0x00000030       0x31 cert_def_1_signer.o
 .comment       0x00000030       0x31 cert_def_2_device.o
 .comment       0x00000030       0x31 cert_def_3_device_csr.o
 .comment       0x00000030       0x31 convertions.o
 .comment       0x00000030       0x31 cryptoauthlib/lib/atcacert/atcacert_client.o
 .comment       0x00000030       0x31 cryptoauthlib/lib/atcacert/atcacert_def.o
 .comment       0x00000030       0x31 cryptoauthlib/lib/atcacert/atcacert_der.o
 .comment       0x00000030       0x31 cryptoauthlib/lib/atca_command.o
 .comment       0x00000030       0x31 cryptoauthlib/lib/atca_device.o
 .comment       0x00000030       0x31 cryptoauthlib/lib/atca_execution.o
 .comment       0x00000030       0x31 cryptoauthlib/lib/atca_iface.o
 .comment       0x00000030       0x31 cryptoauthlib/lib/basic/atca_basic.o
 .comment       0x00000030       0x31 cryptoauthlib/lib/basic/atca_basic_genkey.o
 .comment       0x00000030       0x31 cryptoauthlib/lib/basic/atca_basic_nonce.o
 .comment       0x00000030       0x31 cryptoauthlib/lib/basic/atca_basic_random.o
 .comment       0x00000030       0x31 cryptoauthlib/lib/basic/atca_basic_read.o
 .comment       0x00000030       0x31 cryptoauthlib/lib/basic/atca_basic_sign.o
 .comment       0x00000030       0x31 cryptoauthlib/lib/crypto/atca_crypto_sw_sha2.o
 .comment       0x00000030       0x31 cryptoauthlib/lib/crypto/hashes/sha2_routines.o
 .comment       0x00000030       0x31 cryptoauthlib/lib/hal/atca_hal.o
 .comment       0x00000030       0x31 cryptoauthlib/lib/hal/hal_atmega4809_i2c.o
 .comment       0x00000030       0x31 cryptoauthlib/lib/hal/hal_atmega4809_timer.o
 .comment       0x00000030       0x31 cryptoauthlib_main.o
 .comment       0x00000030       0x31 main.o
 .comment       0x00000030       0x31 src/bod.o
 .comment       0x00000030       0x31 src/clkctrl.o
 .comment       0x00000030       0x31 src/cpuint.o
 .comment       0x00000030       0x31 src/driver_init.o
 .comment       0x00000030       0x31 src/i2c_master.o
 .comment       0x00000030       0x31 src/i2c_simple_master.o
 .comment       0x00000030       0x31 src/i2c_types.o
 .comment       0x00000030       0x31 src/slpctrl.o
 .comment       0x00000030       0x31 src/spi_basic.o
 .comment       0x00000030       0x31 src/usart_basic.o
 .comment       0x00000030       0x31 winc/bsp/source/nm_bsp_mega.o
 .comment       0x00000030       0x31 winc/bus_wrapper/source/nm_bus_wrapper_mega.o
 .comment       0x00000030       0x31 winc/common/source/nm_common.o
 .comment       0x00000030       0x31 winc/driver/source/m2m_hif.o
 .comment       0x00000030       0x31 winc/driver/source/m2m_ssl.o
 .comment       0x00000030       0x31 winc/driver/source/m2m_wifi.o
 .comment       0x00000030       0x31 winc/driver/source/nmasic.o
 .comment       0x00000030       0x31 winc/driver/source/nmbus.o
 .comment       0x00000030       0x31 winc/driver/source/nmdrv.o
 .comment       0x00000030       0x31 winc/driver/source/nmspi.o
 .comment       0x00000030       0x31 winc/spi_flash/source/spi_flash.o
 .comment       0x00000030       0x31 winc_certs_functions.o
 .comment       0x00000030       0x31 c:/program files (x86)/atmel/studio/7.0/toolchain/avr8/avr8-gnu-toolchain/bin/../lib/gcc/avr/5.4.0/../../../../avr/lib/avrxmega3\libc.a(malloc.o)
 .comment       0x00000030       0x31 c:/program files (x86)/atmel/studio/7.0/toolchain/avr8/avr8-gnu-toolchain/bin/../lib/gcc/avr/5.4.0/../../../../avr/lib/avrxmega3\libc.a(iob.o)

.note.gnu.avr.deviceinfo
                0x00000000       0x40
 .note.gnu.avr.deviceinfo
                0x00000000       0x40 C:/Program Files (x86)/Atmel/Studio/7.0/Packs/Atmel/ATmega_DFP/1.3.300/gcc/dev/atmega4808/avrxmega3/crtatmega4808.o

.note.gnu.build-id
 *(.note.gnu.build-id)

.debug
 *(.debug)

.line
 *(.line)

.debug_srcinfo
 *(.debug_srcinfo)

.debug_sfnames
 *(.debug_sfnames)

.debug_aranges  0x00000000     0x1128
 *(.debug_aranges)
 .debug_aranges
                0x00000000       0x20 atmel_start.o
 .debug_aranges
                0x00000020       0x18 cert_def_1_signer.o
 .debug_aranges
                0x00000038       0x18 cert_def_2_device.o
 .debug_aranges
                0x00000050       0x18 cert_def_3_device_csr.o
 .debug_aranges
                0x00000068       0x30 convertions.o
 .debug_aranges
                0x00000098       0x50 cryptoauthlib/lib/atcacert/atcacert_client.o
 .debug_aranges
                0x000000e8      0x148 cryptoauthlib/lib/atcacert/atcacert_def.o
 .debug_aranges
                0x00000230       0x50 cryptoauthlib/lib/atcacert/atcacert_der.o
 .debug_aranges
                0x00000280      0x120 cryptoauthlib/lib/atca_command.o
 .debug_aranges
                0x000003a0       0x40 cryptoauthlib/lib/atca_device.o
 .debug_aranges
                0x000003e0       0x28 cryptoauthlib/lib/atca_execution.o
 .debug_aranges
                0x00000408       0x78 cryptoauthlib/lib/atca_iface.o
 .debug_aranges
                0x00000480       0x78 cryptoauthlib/lib/basic/atca_basic.o
 .debug_aranges
                0x000004f8       0x30 cryptoauthlib/lib/basic/atca_basic_genkey.o
 .debug_aranges
                0x00000528       0x38 cryptoauthlib/lib/basic/atca_basic_nonce.o
 .debug_aranges
                0x00000560       0x20 cryptoauthlib/lib/basic/atca_basic_random.o
 .debug_aranges
                0x00000580       0x68 cryptoauthlib/lib/basic/atca_basic_read.o
 .debug_aranges
                0x000005e8       0x30 cryptoauthlib/lib/basic/atca_basic_sign.o
 .debug_aranges
                0x00000618       0x38 cryptoauthlib/lib/crypto/atca_crypto_sw_sha2.o
 .debug_aranges
                0x00000650       0x40 cryptoauthlib/lib/crypto/hashes/sha2_routines.o
 .debug_aranges
                0x00000690       0x28 cryptoauthlib/lib/hal/atca_hal.o
 .debug_aranges
                0x000006b8       0x68 cryptoauthlib/lib/hal/hal_atmega4809_i2c.o
 .debug_aranges
                0x00000720       0x28 cryptoauthlib/lib/hal/hal_atmega4809_timer.o
 .debug_aranges
                0x00000748       0x20 cryptoauthlib_main.o
 .debug_aranges
                0x00000768       0x20 main.o
 .debug_aranges
                0x00000788       0x20 src/bod.o
 .debug_aranges
                0x000007a8       0x20 src/clkctrl.o
 .debug_aranges
                0x000007c8       0x20 src/cpuint.o
 .debug_aranges
                0x000007e8       0x40 src/driver_init.o
 .debug_aranges
                0x00000828      0x138 src/i2c_master.o
 .debug_aranges
                0x00000960       0x78 src/i2c_simple_master.o
 .debug_aranges
                0x000009d8       0x38 src/i2c_types.o
 .debug_aranges
                0x00000a10       0x20 src/protected_io.o
 .debug_aranges
                0x00000a30       0x20 src/slpctrl.o
 .debug_aranges
                0x00000a50       0x50 src/spi_basic.o
 .debug_aranges
                0x00000aa0       0x78 src/usart_basic.o
 .debug_aranges
                0x00000b18       0x58 winc/bsp/source/nm_bsp_mega.o
 .debug_aranges
                0x00000b70       0x38 winc/bus_wrapper/source/nm_bus_wrapper_mega.o
 .debug_aranges
                0x00000ba8       0x50 winc/common/source/nm_common.o
 .debug_aranges
                0x00000bf8       0x88 winc/driver/source/m2m_hif.o
 .debug_aranges
                0x00000c80       0x60 winc/driver/source/m2m_ssl.o
 .debug_aranges
                0x00000ce0      0x1c0 winc/driver/source/m2m_wifi.o
 .debug_aranges
                0x00000ea0       0xb0 winc/driver/source/nmasic.o
 .debug_aranges
                0x00000f50       0x60 winc/driver/source/nmbus.o
 .debug_aranges
                0x00000fb0       0x48 winc/driver/source/nmdrv.o
 .debug_aranges
                0x00000ff8       0x90 winc/driver/source/nmspi.o
 .debug_aranges
                0x00001088       0x60 winc/spi_flash/source/spi_flash.o
 .debug_aranges
                0x000010e8       0x40 winc_certs_functions.o

.debug_pubnames
 *(.debug_pubnames)

.debug_info     0x00000000    0x21655
 *(.debug_info .gnu.linkonce.wi.*)
 .debug_info    0x00000000     0x22af C:/Program Files (x86)/Atmel/Studio/7.0/Packs/Atmel/ATmega_DFP/1.3.300/gcc/dev/atmega4808/avrxmega3/crtatmega4808.o
 .debug_info    0x000022af       0xa2 atmel_start.o
 .debug_info    0x00002351      0x45a cert_def_1_signer.o
 .debug_info    0x000027ab      0x411 cert_def_2_device.o
 .debug_info    0x00002bbc      0x410 cert_def_3_device_csr.o
 .debug_info    0x00002fcc      0x30e convertions.o
 .debug_info    0x000032da     0x1068 cryptoauthlib/lib/atcacert/atcacert_client.o
 .debug_info    0x00004342     0x35d3 cryptoauthlib/lib/atcacert/atcacert_def.o
 .debug_info    0x00007915      0x88d cryptoauthlib/lib/atcacert/atcacert_der.o
 .debug_info    0x000081a2      0xe6e cryptoauthlib/lib/atca_command.o
 .debug_info    0x00009010      0x8b7 cryptoauthlib/lib/atca_device.o
 .debug_info    0x000098c7      0x9ad cryptoauthlib/lib/atca_execution.o
 .debug_info    0x0000a274      0xaee cryptoauthlib/lib/atca_iface.o
 .debug_info    0x0000ad62      0xb94 cryptoauthlib/lib/basic/atca_basic.o
 .debug_info    0x0000b8f6      0x8b8 cryptoauthlib/lib/basic/atca_basic_genkey.o
 .debug_info    0x0000c1ae      0x90c cryptoauthlib/lib/basic/atca_basic_nonce.o
 .debug_info    0x0000caba      0x772 cryptoauthlib/lib/basic/atca_basic_random.o
 .debug_info    0x0000d22c     0x13a8 cryptoauthlib/lib/basic/atca_basic_read.o
 .debug_info    0x0000e5d4      0x959 cryptoauthlib/lib/basic/atca_basic_sign.o
 .debug_info    0x0000ef2d      0x4bf cryptoauthlib/lib/crypto/atca_crypto_sw_sha2.o
 .debug_info    0x0000f3ec      0x56f cryptoauthlib/lib/crypto/hashes/sha2_routines.o
 .debug_info    0x0000f95b      0x70d cryptoauthlib/lib/hal/atca_hal.o
 .debug_info    0x00010068      0xaef cryptoauthlib/lib/hal/hal_atmega4809_i2c.o
 .debug_info    0x00010b57      0x174 cryptoauthlib/lib/hal/hal_atmega4809_timer.o
 .debug_info    0x00010ccb      0x6ff cryptoauthlib_main.o
 .debug_info    0x000113ca      0xb99 main.o
 .debug_info    0x00011f63       0x8d src/bod.o
 .debug_info    0x00011ff0      0x38e src/clkctrl.o
 .debug_info    0x0001237e       0x8d src/cpuint.o
 .debug_info    0x0001240b     0x1970 src/driver_init.o
 .debug_info    0x00013d7b      0xd23 src/i2c_master.o
 .debug_info    0x00014a9e      0x914 src/i2c_simple_master.o
 .debug_info    0x000153b2      0x146 src/i2c_types.o
 .debug_info    0x000154f8       0x8f src/protected_io.o
 .debug_info    0x00015587       0x8d src/slpctrl.o
 .debug_info    0x00015614      0x2f9 src/spi_basic.o
 .debug_info    0x0001590d      0x47d src/usart_basic.o
 .debug_info    0x00015d8a      0xa8a winc/bsp/source/nm_bsp_mega.o
 .debug_info    0x00016814      0x9b7 winc/bus_wrapper/source/nm_bus_wrapper_mega.o
 .debug_info    0x000171cb      0x314 winc/common/source/nm_common.o
 .debug_info    0x000174df      0xbd0 winc/driver/source/m2m_hif.o
 .debug_info    0x000180af      0x9c4 winc/driver/source/m2m_ssl.o
 .debug_info    0x00018a73     0x36e3 winc/driver/source/m2m_wifi.o
 .debug_info    0x0001c156     0x11d3 winc/driver/source/nmasic.o
 .debug_info    0x0001d329      0x5ca winc/driver/source/nmbus.o
 .debug_info    0x0001d8f3      0x7c9 winc/driver/source/nmdrv.o
 .debug_info    0x0001e0bc     0x12f3 winc/driver/source/nmspi.o
 .debug_info    0x0001f3af     0x161f winc/spi_flash/source/spi_flash.o
 .debug_info    0x000209ce      0xc87 winc_certs_functions.o

.debug_abbrev   0x00000000     0x77c9
 *(.debug_abbrev)
 .debug_abbrev  0x00000000     0x20d4 C:/Program Files (x86)/Atmel/Studio/7.0/Packs/Atmel/ATmega_DFP/1.3.300/gcc/dev/atmega4808/avrxmega3/crtatmega4808.o
 .debug_abbrev  0x000020d4       0x66 atmel_start.o
 .debug_abbrev  0x0000213a       0xb6 cert_def_1_signer.o
 .debug_abbrev  0x000021f0       0xb6 cert_def_2_device.o
 .debug_abbrev  0x000022a6       0xad cert_def_3_device_csr.o
 .debug_abbrev  0x00002353      0x1c8 convertions.o
 .debug_abbrev  0x0000251b      0x20e cryptoauthlib/lib/atcacert/atcacert_client.o
 .debug_abbrev  0x00002729      0x3c3 cryptoauthlib/lib/atcacert/atcacert_def.o
 .debug_abbrev  0x00002aec      0x1c1 cryptoauthlib/lib/atcacert/atcacert_der.o
 .debug_abbrev  0x00002cad      0x25c cryptoauthlib/lib/atca_command.o
 .debug_abbrev  0x00002f09      0x1db cryptoauthlib/lib/atca_device.o
 .debug_abbrev  0x000030e4      0x1cf cryptoauthlib/lib/atca_execution.o
 .debug_abbrev  0x000032b3      0x1e3 cryptoauthlib/lib/atca_iface.o
 .debug_abbrev  0x00003496      0x26c cryptoauthlib/lib/basic/atca_basic.o
 .debug_abbrev  0x00003702      0x1b1 cryptoauthlib/lib/basic/atca_basic_genkey.o
 .debug_abbrev  0x000038b3      0x1a3 cryptoauthlib/lib/basic/atca_basic_nonce.o
 .debug_abbrev  0x00003a56      0x172 cryptoauthlib/lib/basic/atca_basic_random.o
 .debug_abbrev  0x00003bc8      0x311 cryptoauthlib/lib/basic/atca_basic_read.o
 .debug_abbrev  0x00003ed9      0x1dc cryptoauthlib/lib/basic/atca_basic_sign.o
 .debug_abbrev  0x000040b5      0x17f cryptoauthlib/lib/crypto/atca_crypto_sw_sha2.o
 .debug_abbrev  0x00004234      0x18d cryptoauthlib/lib/crypto/hashes/sha2_routines.o
 .debug_abbrev  0x000043c1      0x175 cryptoauthlib/lib/hal/atca_hal.o
 .debug_abbrev  0x00004536      0x278 cryptoauthlib/lib/hal/hal_atmega4809_i2c.o
 .debug_abbrev  0x000047ae      0x123 cryptoauthlib/lib/hal/hal_atmega4809_timer.o
 .debug_abbrev  0x000048d1      0x152 cryptoauthlib_main.o
 .debug_abbrev  0x00004a23      0x284 main.o
 .debug_abbrev  0x00004ca7       0x51 src/bod.o
 .debug_abbrev  0x00004cf8      0x105 src/clkctrl.o
 .debug_abbrev  0x00004dfd       0x51 src/cpuint.o
 .debug_abbrev  0x00004e4e      0x1ee src/driver_init.o
 .debug_abbrev  0x0000503c      0x396 src/i2c_master.o
 .debug_abbrev  0x000053d2      0x168 src/i2c_simple_master.o
 .debug_abbrev  0x0000553a       0x9d src/i2c_types.o
 .debug_abbrev  0x000055d7       0x14 src/protected_io.o
 .debug_abbrev  0x000055eb       0x51 src/slpctrl.o
 .debug_abbrev  0x0000563c      0x164 src/spi_basic.o
 .debug_abbrev  0x000057a0      0x204 src/usart_basic.o
 .debug_abbrev  0x000059a4      0x2a5 winc/bsp/source/nm_bsp_mega.o
 .debug_abbrev  0x00005c49      0x254 winc/bus_wrapper/source/nm_bus_wrapper_mega.o
 .debug_abbrev  0x00005e9d      0x135 winc/common/source/nm_common.o
 .debug_abbrev  0x00005fd2      0x3b8 winc/driver/source/m2m_hif.o
 .debug_abbrev  0x0000638a      0x2c3 winc/driver/source/m2m_ssl.o
 .debug_abbrev  0x0000664d      0x326 winc/driver/source/m2m_wifi.o
 .debug_abbrev  0x00006973      0x2b5 winc/driver/source/nmasic.o
 .debug_abbrev  0x00006c28      0x1e5 winc/driver/source/nmbus.o
 .debug_abbrev  0x00006e0d      0x1b6 winc/driver/source/nmdrv.o
 .debug_abbrev  0x00006fc3      0x31f winc/driver/source/nmspi.o
 .debug_abbrev  0x000072e2      0x2a7 winc/spi_flash/source/spi_flash.o
 .debug_abbrev  0x00007589      0x240 winc_certs_functions.o

.debug_line     0x00000000     0xacdf
 *(.debug_line .debug_line.* .debug_line_end)
 .debug_line    0x00000000      0x16f C:/Program Files (x86)/Atmel/Studio/7.0/Packs/Atmel/ATmega_DFP/1.3.300/gcc/dev/atmega4808/avrxmega3/crtatmega4808.o
 .debug_line    0x0000016f       0x60 atmel_start.o
 .debug_line    0x000001cf       0xdb cert_def_1_signer.o
 .debug_line    0x000002aa       0xdb cert_def_2_device.o
 .debug_line    0x00000385       0xdf cert_def_3_device_csr.o
 .debug_line    0x00000464      0x23e convertions.o
 .debug_line    0x000006a2      0x637 cryptoauthlib/lib/atcacert/atcacert_client.o
 .debug_line    0x00000cd9     0x1326 cryptoauthlib/lib/atcacert/atcacert_def.o
 .debug_line    0x00001fff      0x6b8 cryptoauthlib/lib/atcacert/atcacert_der.o
 .debug_line    0x000026b7      0x810 cryptoauthlib/lib/atca_command.o
 .debug_line    0x00002ec7      0x22d cryptoauthlib/lib/atca_device.o
 .debug_line    0x000030f4      0x284 cryptoauthlib/lib/atca_execution.o
 .debug_line    0x00003378      0x2eb cryptoauthlib/lib/atca_iface.o
 .debug_line    0x00003663      0x46a cryptoauthlib/lib/basic/atca_basic.o
 .debug_line    0x00003acd      0x1c4 cryptoauthlib/lib/basic/atca_basic_genkey.o
 .debug_line    0x00003c91      0x228 cryptoauthlib/lib/basic/atca_basic_nonce.o
 .debug_line    0x00003eb9      0x18a cryptoauthlib/lib/basic/atca_basic_random.o
 .debug_line    0x00004043      0x5ee cryptoauthlib/lib/basic/atca_basic_read.o
 .debug_line    0x00004631      0x204 cryptoauthlib/lib/basic/atca_basic_sign.o
 .debug_line    0x00004835      0x214 cryptoauthlib/lib/crypto/atca_crypto_sw_sha2.o
 .debug_line    0x00004a49      0x2ef cryptoauthlib/lib/crypto/hashes/sha2_routines.o
 .debug_line    0x00004d38      0x182 cryptoauthlib/lib/hal/atca_hal.o
 .debug_line    0x00004eba      0x324 cryptoauthlib/lib/hal/hal_atmega4809_i2c.o
 .debug_line    0x000051de      0x16c cryptoauthlib/lib/hal/hal_atmega4809_timer.o
 .debug_line    0x0000534a      0x15a cryptoauthlib_main.o
 .debug_line    0x000054a4      0x3aa main.o
 .debug_line    0x0000584e       0xa2 src/bod.o
 .debug_line    0x000058f0      0x136 src/clkctrl.o
 .debug_line    0x00005a26       0xa5 src/cpuint.o
 .debug_line    0x00005acb      0x3db src/driver_init.o
 .debug_line    0x00005ea6      0x7bb src/i2c_master.o
 .debug_line    0x00006661      0x3cb src/i2c_simple_master.o
 .debug_line    0x00006a2c       0xa2 src/i2c_types.o
 .debug_line    0x00006ace       0x55 src/protected_io.o
 .debug_line    0x00006b23       0xa6 src/slpctrl.o
 .debug_line    0x00006bc9      0x21c src/spi_basic.o
 .debug_line    0x00006de5      0x25c src/usart_basic.o
 .debug_line    0x00007041      0x337 winc/bsp/source/nm_bsp_mega.o
 .debug_line    0x00007378      0x303 winc/bus_wrapper/source/nm_bus_wrapper_mega.o
 .debug_line    0x0000767b      0x1f5 winc/common/source/nm_common.o
 .debug_line    0x00007870      0x641 winc/driver/source/m2m_hif.o
 .debug_line    0x00007eb1      0x2b5 winc/driver/source/m2m_ssl.o
 .debug_line    0x00008166      0xd19 winc/driver/source/m2m_wifi.o
 .debug_line    0x00008e7f      0x702 winc/driver/source/nmasic.o
 .debug_line    0x00009581      0x201 winc/driver/source/nmbus.o
 .debug_line    0x00009782      0x40f winc/driver/source/nmdrv.o
 .debug_line    0x00009b91      0x77c winc/driver/source/nmspi.o
 .debug_line    0x0000a30d      0x582 winc/spi_flash/source/spi_flash.o
 .debug_line    0x0000a88f      0x450 winc_certs_functions.o

.debug_frame    0x00000000     0x40fc
 *(.debug_frame)
 .debug_frame   0x00000000       0x24 atmel_start.o
 .debug_frame   0x00000024       0xa4 convertions.o
 .debug_frame   0x000000c8      0x250 cryptoauthlib/lib/atcacert/atcacert_client.o
 .debug_frame   0x00000318      0x998 cryptoauthlib/lib/atcacert/atcacert_def.o
 .debug_frame   0x00000cb0      0x278 cryptoauthlib/lib/atcacert/atcacert_der.o
 .debug_frame   0x00000f28      0x27c cryptoauthlib/lib/atca_command.o
 .debug_frame   0x000011a4       0xac cryptoauthlib/lib/atca_device.o
 .debug_frame   0x00001250       0x74 cryptoauthlib/lib/atca_execution.o
 .debug_frame   0x000012c4      0x140 cryptoauthlib/lib/atca_iface.o
 .debug_frame   0x00001404      0x148 cryptoauthlib/lib/basic/atca_basic.o
 .debug_frame   0x0000154c       0x64 cryptoauthlib/lib/basic/atca_basic_genkey.o
 .debug_frame   0x000015b0       0x90 cryptoauthlib/lib/basic/atca_basic_nonce.o
 .debug_frame   0x00001640       0x40 cryptoauthlib/lib/basic/atca_basic_random.o
 .debug_frame   0x00001680      0x2d4 cryptoauthlib/lib/basic/atca_basic_read.o
 .debug_frame   0x00001954       0x84 cryptoauthlib/lib/basic/atca_basic_sign.o
 .debug_frame   0x000019d8       0x84 cryptoauthlib/lib/crypto/atca_crypto_sw_sha2.o
 .debug_frame   0x00001a5c      0x190 cryptoauthlib/lib/crypto/hashes/sha2_routines.o
 .debug_frame   0x00001bec       0x34 cryptoauthlib/lib/hal/atca_hal.o
 .debug_frame   0x00001c20      0x104 cryptoauthlib/lib/hal/hal_atmega4809_i2c.o
 .debug_frame   0x00001d24       0x48 cryptoauthlib/lib/hal/hal_atmega4809_timer.o
 .debug_frame   0x00001d6c       0x24 cryptoauthlib_main.o
 .debug_frame   0x00001d90       0x38 main.o
 .debug_frame   0x00001dc8       0x24 src/bod.o
 .debug_frame   0x00001dec       0x24 src/clkctrl.o
 .debug_frame   0x00001e10       0x24 src/cpuint.o
 .debug_frame   0x00001e34       0x64 src/driver_init.o
 .debug_frame   0x00001e98      0x2ac src/i2c_master.o
 .debug_frame   0x00002144      0x18c src/i2c_simple_master.o
 .debug_frame   0x000022d0       0x54 src/i2c_types.o
 .debug_frame   0x00002324       0x24 src/slpctrl.o
 .debug_frame   0x00002348       0x84 src/spi_basic.o
 .debug_frame   0x000023cc       0xd4 src/usart_basic.o
 .debug_frame   0x000024a0       0xdc winc/bsp/source/nm_bsp_mega.o
 .debug_frame   0x0000257c       0x8c winc/bus_wrapper/source/nm_bus_wrapper_mega.o
 .debug_frame   0x00002608       0xd4 winc/common/source/nm_common.o
 .debug_frame   0x000026dc      0x1e4 winc/driver/source/m2m_hif.o
 .debug_frame   0x000028c0      0x190 winc/driver/source/m2m_ssl.o
 .debug_frame   0x00002a50      0xa28 winc/driver/source/m2m_wifi.o
 .debug_frame   0x00003478      0x30c winc/driver/source/nmasic.o
 .debug_frame   0x00003784      0x164 winc/driver/source/nmbus.o
 .debug_frame   0x000038e8      0x110 winc/driver/source/nmdrv.o
 .debug_frame   0x000039f8      0x374 winc/driver/source/nmspi.o
 .debug_frame   0x00003d6c      0x28c winc/spi_flash/source/spi_flash.o
 .debug_frame   0x00003ff8      0x104 winc_certs_functions.o

.debug_str      0x00000000     0x7a1d
 *(.debug_str)
 .debug_str     0x00000000      0xed3 C:/Program Files (x86)/Atmel/Studio/7.0/Packs/Atmel/ATmega_DFP/1.3.300/gcc/dev/atmega4808/avrxmega3/crtatmega4808.o
 .debug_str     0x00000ed3      0x16f atmel_start.o
                                0x1a8 (size before relaxing)
 .debug_str     0x00001042      0x51f cert_def_1_signer.o
                                0x6e6 (size before relaxing)
 .debug_str     0x00001561       0x46 cert_def_2_device.o
                                0x6b4 (size before relaxing)
 .debug_str     0x000015a7       0x48 cert_def_3_device_csr.o
                                0x6b6 (size before relaxing)
 .debug_str     0x000015ef       0xc8 convertions.o
                                0x27a (size before relaxing)
 .debug_str     0x000016b7      0x650 cryptoauthlib/lib/atcacert/atcacert_client.o
                                0xd61 (size before relaxing)
 .debug_str     0x00001d07      0x66f cryptoauthlib/lib/atcacert/atcacert_def.o
                                0xf29 (size before relaxing)
 .debug_str     0x00002376      0x1a1 cryptoauthlib/lib/atcacert/atcacert_der.o
                                0x3cd (size before relaxing)
 .debug_str     0x00002517      0x2bd cryptoauthlib/lib/atca_command.o
                                0x713 (size before relaxing)
 .debug_str     0x000027d4      0x2c7 cryptoauthlib/lib/atca_device.o
                                0x7cd (size before relaxing)
 .debug_str     0x00002a9b      0x161 cryptoauthlib/lib/atca_execution.o
                                0x8b1 (size before relaxing)
 .debug_str     0x00002bfc       0x94 cryptoauthlib/lib/atca_iface.o
                                0x764 (size before relaxing)
 .debug_str     0x00002c90      0x1a2 cryptoauthlib/lib/basic/atca_basic.o
                                0x90a (size before relaxing)
 .debug_str     0x00002e32       0x59 cryptoauthlib/lib/basic/atca_basic_genkey.o
                                0x7e1 (size before relaxing)
 .debug_str     0x00002e8b       0xa8 cryptoauthlib/lib/basic/atca_basic_nonce.o
                                0x80c (size before relaxing)
 .debug_str     0x00002f33       0x3c cryptoauthlib/lib/basic/atca_basic_random.o
                                0x79e (size before relaxing)
 .debug_str     0x00002f6f      0x28c cryptoauthlib/lib/basic/atca_basic_read.o
                                0xb04 (size before relaxing)
 .debug_str     0x000031fb       0x83 cryptoauthlib/lib/basic/atca_basic_sign.o
                                0x826 (size before relaxing)
 .debug_str     0x0000327e       0xdb cryptoauthlib/lib/crypto/atca_crypto_sw_sha2.o
                                0x535 (size before relaxing)
 .debug_str     0x00003359       0xeb cryptoauthlib/lib/crypto/hashes/sha2_routines.o
                                0x2f0 (size before relaxing)
 .debug_str     0x00003444       0x34 cryptoauthlib/lib/hal/atca_hal.o
                                0x6e1 (size before relaxing)
 .debug_str     0x00003478      0x1a3 cryptoauthlib/lib/hal/hal_atmega4809_i2c.o
                                0x8ad (size before relaxing)
 .debug_str     0x0000361b       0x3e cryptoauthlib/lib/hal/hal_atmega4809_timer.o
                                0x210 (size before relaxing)
 .debug_str     0x00003659       0x7f cryptoauthlib_main.o
                                0x774 (size before relaxing)
 .debug_str     0x000036d8      0x2fd main.o
                                0x999 (size before relaxing)
 .debug_str     0x000039d5       0x16 src/bod.o
                                0x190 (size before relaxing)
 .debug_str     0x000039eb      0x30b src/clkctrl.o
                                0x4a4 (size before relaxing)
 .debug_str     0x00003cf6       0x1c src/cpuint.o
                                0x196 (size before relaxing)
 .debug_str     0x00003d12      0x758 src/driver_init.o
                                0x9e9 (size before relaxing)
 .debug_str     0x0000446a      0x6a1 src/i2c_master.o
                                0x9e7 (size before relaxing)
 .debug_str     0x00004b0b      0x12b src/i2c_simple_master.o
                                0x406 (size before relaxing)
 .debug_str     0x00004c36       0x63 src/i2c_types.o
                                0x226 (size before relaxing)
 .debug_str     0x00004c99       0x11 src/slpctrl.o
                                0x198 (size before relaxing)
 .debug_str     0x00004caa      0x16d src/spi_basic.o
                                0x35a (size before relaxing)
 .debug_str     0x00004e17      0x1d0 src/usart_basic.o
                                0x3de (size before relaxing)
 .debug_str     0x00004fe7       0xea winc/bsp/source/nm_bsp_mega.o
                                0x6fb (size before relaxing)
 .debug_str     0x000050d1      0x134 winc/bus_wrapper/source/nm_bus_wrapper_mega.o
                                0x605 (size before relaxing)
 .debug_str     0x00005205       0xc4 winc/common/source/nm_common.o
                                0x23e (size before relaxing)
 .debug_str     0x000052c9      0x34a winc/driver/source/m2m_hif.o
                                0x55b (size before relaxing)
 .debug_str     0x00005613      0x377 winc/driver/source/m2m_ssl.o
                                0x5f7 (size before relaxing)
 .debug_str     0x0000598a     0x184d winc/driver/source/m2m_wifi.o
                               0x1e63 (size before relaxing)
 .debug_str     0x000071d7      0x1db winc/driver/source/nmasic.o
                                0x4ae (size before relaxing)
 .debug_str     0x000073b2      0x112 winc/driver/source/nmbus.o
                                0x340 (size before relaxing)
 .debug_str     0x000074c4       0xa9 winc/driver/source/nmdrv.o
                                0x4b3 (size before relaxing)
 .debug_str     0x0000756d      0x144 winc/driver/source/nmspi.o
                                0x42f (size before relaxing)
 .debug_str     0x000076b1      0x1da winc/spi_flash/source/spi_flash.o
                                0x3fc (size before relaxing)
 .debug_str     0x0000788b      0x192 winc_certs_functions.o
                                0xc68 (size before relaxing)

.debug_loc      0x00000000    0x18919
 *(.debug_loc)
 .debug_loc     0x00000000      0x40c convertions.o
 .debug_loc     0x0000040c     0x129d cryptoauthlib/lib/atcacert/atcacert_client.o
 .debug_loc     0x000016a9     0x60b8 cryptoauthlib/lib/atcacert/atcacert_def.o
 .debug_loc     0x00007761     0x1457 cryptoauthlib/lib/atcacert/atcacert_der.o
 .debug_loc     0x00008bb8      0xc5e cryptoauthlib/lib/atca_command.o
 .debug_loc     0x00009816      0x321 cryptoauthlib/lib/atca_device.o
 .debug_loc     0x00009b37      0x273 cryptoauthlib/lib/atca_execution.o
 .debug_loc     0x00009daa      0x5a8 cryptoauthlib/lib/atca_iface.o
 .debug_loc     0x0000a352      0x550 cryptoauthlib/lib/basic/atca_basic.o
 .debug_loc     0x0000a8a2      0x247 cryptoauthlib/lib/basic/atca_basic_genkey.o
 .debug_loc     0x0000aae9      0x441 cryptoauthlib/lib/basic/atca_basic_nonce.o
 .debug_loc     0x0000af2a       0xdb cryptoauthlib/lib/basic/atca_basic_random.o
 .debug_loc     0x0000b005     0x13d8 cryptoauthlib/lib/basic/atca_basic_read.o
 .debug_loc     0x0000c3dd      0x450 cryptoauthlib/lib/basic/atca_basic_sign.o
 .debug_loc     0x0000c82d      0x28a cryptoauthlib/lib/crypto/atca_crypto_sw_sha2.o
 .debug_loc     0x0000cab7     0x10ed cryptoauthlib/lib/crypto/hashes/sha2_routines.o
 .debug_loc     0x0000dba4       0xd1 cryptoauthlib/lib/hal/atca_hal.o
 .debug_loc     0x0000dc75      0x459 cryptoauthlib/lib/hal/hal_atmega4809_i2c.o
 .debug_loc     0x0000e0ce       0xf7 cryptoauthlib/lib/hal/hal_atmega4809_timer.o
 .debug_loc     0x0000e1c5      0x11a main.o
 .debug_loc     0x0000e2df       0x29 src/clkctrl.o
 .debug_loc     0x0000e308      0x84e src/driver_init.o
 .debug_loc     0x0000eb56      0x51e src/i2c_master.o
 .debug_loc     0x0000f074      0x780 src/i2c_simple_master.o
 .debug_loc     0x0000f7f4       0x98 src/i2c_types.o
 .debug_loc     0x0000f88c      0x121 src/spi_basic.o
 .debug_loc     0x0000f9ad       0x47 src/usart_basic.o
 .debug_loc     0x0000f9f4      0x390 winc/bsp/source/nm_bsp_mega.o
 .debug_loc     0x0000fd84      0x4bf winc/bus_wrapper/source/nm_bus_wrapper_mega.o
 .debug_loc     0x00010243      0x5dc winc/common/source/nm_common.o
 .debug_loc     0x0001081f      0x83e winc/driver/source/m2m_hif.o
 .debug_loc     0x0001105d      0x7f7 winc/driver/source/m2m_ssl.o
 .debug_loc     0x00011854     0x2bfa winc/driver/source/m2m_wifi.o
 .debug_loc     0x0001444e      0xb84 winc/driver/source/nmasic.o
 .debug_loc     0x00014fd2      0x766 winc/driver/source/nmbus.o
 .debug_loc     0x00015738      0x5c5 winc/driver/source/nmdrv.o
 .debug_loc     0x00015cfd     0x15d1 winc/driver/source/nmspi.o
 .debug_loc     0x000172ce      0xf5f winc/spi_flash/source/spi_flash.o
 .debug_loc     0x0001822d      0x6ec winc_certs_functions.o

.debug_macinfo
 *(.debug_macinfo)

.debug_weaknames
 *(.debug_weaknames)

.debug_funcnames
 *(.debug_funcnames)

.debug_typenames
 *(.debug_typenames)

.debug_varnames
 *(.debug_varnames)

.debug_pubtypes
 *(.debug_pubtypes)

.debug_ranges   0x00000000      0xff8
 *(.debug_ranges)
 .debug_ranges  0x00000000       0x10 atmel_start.o
 .debug_ranges  0x00000010       0x20 convertions.o
 .debug_ranges  0x00000030       0x80 cryptoauthlib/lib/atcacert/atcacert_client.o
 .debug_ranges  0x000000b0      0x198 cryptoauthlib/lib/atcacert/atcacert_def.o
 .debug_ranges  0x00000248       0x58 cryptoauthlib/lib/atcacert/atcacert_der.o
 .debug_ranges  0x000002a0      0x110 cryptoauthlib/lib/atca_command.o
 .debug_ranges  0x000003b0       0x30 cryptoauthlib/lib/atca_device.o
 .debug_ranges  0x000003e0       0x18 cryptoauthlib/lib/atca_execution.o
 .debug_ranges  0x000003f8       0x68 cryptoauthlib/lib/atca_iface.o
 .debug_ranges  0x00000460       0x68 cryptoauthlib/lib/basic/atca_basic.o
 .debug_ranges  0x000004c8       0x20 cryptoauthlib/lib/basic/atca_basic_genkey.o
 .debug_ranges  0x000004e8       0x28 cryptoauthlib/lib/basic/atca_basic_nonce.o
 .debug_ranges  0x00000510       0x10 cryptoauthlib/lib/basic/atca_basic_random.o
 .debug_ranges  0x00000520       0x58 cryptoauthlib/lib/basic/atca_basic_read.o
 .debug_ranges  0x00000578       0x20 cryptoauthlib/lib/basic/atca_basic_sign.o
 .debug_ranges  0x00000598       0x28 cryptoauthlib/lib/crypto/atca_crypto_sw_sha2.o
 .debug_ranges  0x000005c0       0x30 cryptoauthlib/lib/crypto/hashes/sha2_routines.o
 .debug_ranges  0x000005f0       0x18 cryptoauthlib/lib/hal/atca_hal.o
 .debug_ranges  0x00000608       0x58 cryptoauthlib/lib/hal/hal_atmega4809_i2c.o
 .debug_ranges  0x00000660       0x18 cryptoauthlib/lib/hal/hal_atmega4809_timer.o
 .debug_ranges  0x00000678       0x10 cryptoauthlib_main.o
 .debug_ranges  0x00000688       0x40 main.o
 .debug_ranges  0x000006c8       0x10 src/bod.o
 .debug_ranges  0x000006d8       0x10 src/clkctrl.o
 .debug_ranges  0x000006e8       0x10 src/cpuint.o
 .debug_ranges  0x000006f8       0x30 src/driver_init.o
 .debug_ranges  0x00000728      0x128 src/i2c_master.o
 .debug_ranges  0x00000850       0x68 src/i2c_simple_master.o
 .debug_ranges  0x000008b8       0x28 src/i2c_types.o
 .debug_ranges  0x000008e0       0x10 src/slpctrl.o
 .debug_ranges  0x000008f0       0x40 src/spi_basic.o
 .debug_ranges  0x00000930       0x68 src/usart_basic.o
 .debug_ranges  0x00000998       0x48 winc/bsp/source/nm_bsp_mega.o
 .debug_ranges  0x000009e0       0x28 winc/bus_wrapper/source/nm_bus_wrapper_mega.o
 .debug_ranges  0x00000a08       0x58 winc/common/source/nm_common.o
 .debug_ranges  0x00000a60       0xc0 winc/driver/source/m2m_hif.o
 .debug_ranges  0x00000b20       0x50 winc/driver/source/m2m_ssl.o
 .debug_ranges  0x00000b70      0x1b0 winc/driver/source/m2m_wifi.o
 .debug_ranges  0x00000d20       0xa0 winc/driver/source/nmasic.o
 .debug_ranges  0x00000dc0       0x80 winc/driver/source/nmbus.o
 .debug_ranges  0x00000e40       0x38 winc/driver/source/nmdrv.o
 .debug_ranges  0x00000e78       0x98 winc/driver/source/nmspi.o
 .debug_ranges  0x00000f10       0xb8 winc/spi_flash/source/spi_flash.o
 .debug_ranges  0x00000fc8       0x30 winc_certs_functions.o

.debug_macro
 *(.debug_macro)
OUTPUT(avr.iot-aws-winc-provision.elf elf32-avr)
LOAD linker stubs
